== no domains
icon "tsync-error-symbolic", tooltip "No domains configured"
  {"separator":true}
  {"label":"Stats","enabled":true,"indent":0,"submenu":true,"action":{"stats":true}}
  {"label":"Hold changes","enabled":false,"indent":0,"checked":false,"action":{"setPaused":true}}
== idle
icon "tsync-idle-symbolic", tooltip "Idle"
  {"label":"Files","enabled":true,"indent":0,"action":{"openFolder":"Files"}}
  {"separator":true}
  {"label":"Stats","enabled":true,"indent":0,"submenu":true,"action":{"stats":true}}
  {"label":"Hold changes","enabled":true,"indent":0,"checked":false,"action":{"setPaused":true}}
== unreachable
icon "tsync-error-symbolic", tooltip "Daemon not running"
  {"label":"Files","enabled":true,"indent":0,"action":{"openFolder":"Files"}}
  {"separator":true}
  {"label":"Stats","enabled":true,"indent":0,"submenu":true,"action":{"stats":true}}
  {"label":"Hold changes","enabled":false,"indent":0,"checked":false,"action":{"setPaused":true}}
== uploading seven, 2 GiB to go at 1 MiB/s
icon "tsync-sync-symbolic", tooltip "Uploading 9 · Downloading 0"
  {"label":"Files","enabled":true,"indent":0,"action":{"openFolder":"Files"}}
  {"label":"f0.bin","enabled":false,"indent":1}
  {"label":"f1.bin","enabled":false,"indent":1}
  {"label":"f2.bin","enabled":false,"indent":1}
  {"label":"f3.bin","enabled":false,"indent":1}
  {"label":"f4.bin","enabled":false,"indent":1}
  {"label":"… and 4 more","enabled":false,"indent":1}
  {"label":"300.0 MiB sent · 2.0 GiB to go","enabled":false,"indent":0}
  {"label":"1.0 MiB/s · 34m 8s left","enabled":false,"indent":0}
  {"separator":true}
  {"label":"Stats","enabled":true,"indent":0,"submenu":true,"action":{"stats":true}}
  {"label":"Hold changes","enabled":true,"indent":0,"checked":false,"action":{"setPaused":true}}
== a download, one domain paused
icon "tsync-sync-symbolic", tooltip "Uploading 0 · Downloading 1 · paused"
  {"label":"Files","enabled":true,"indent":0,"action":{"openFolder":"Files"}}
  {"label":"Archive","enabled":true,"indent":0,"action":{"openFolder":"Archive"}}
  {"label":"movie.mkv — 40%","enabled":true,"indent":1,"action":{"reveal":{"domain":"Files","rel":"a/movie.mkv"}}}
  {"separator":true}
  {"label":"Stats","enabled":true,"indent":0,"submenu":true,"action":{"stats":true}}
  {"label":"Hold changes","enabled":true,"indent":0,"checked":false,"action":{"setPaused":true}}
== all paused, under a minute left
icon "tsync-paused-symbolic", tooltip "Uploading 1 · Downloading 0 · paused"
  {"label":"Files","enabled":true,"indent":0,"action":{"openFolder":"Files"}}
  {"label":"x","enabled":false,"indent":1}
  {"label":"0 B sent · 1000 B to go","enabled":false,"indent":0}
  {"label":"100 B/s","enabled":false,"indent":0}
  {"separator":true}
  {"label":"Stats","enabled":true,"indent":0,"submenu":true,"action":{"stats":true}}
  {"label":"Hold changes","enabled":true,"indent":0,"checked":true,"action":{"setPaused":false}}
