== ownership
held by role=daemon what=tsync start socket=true
== rows and mutations
stat root                          {"ok":true,"ref":"root","parentRef":"root","name":"docs","kind":"dir","size":0,"mtime":"<t>","etag":".tsync-root","isUploaded":true}
mkdir a                            {"ok":true,"item":{"ref":"d:<id1>","parentRef":"root","name":"a","kind":"dir","size":0,"mtime":"<t>","etag":"<id1>","isUploaded":true}}
mkdir a again                      {"ok":true,"item":{"ref":"d:<id1>","parentRef":"root","name":"a","kind":"dir","size":0,"mtime":"<t>","etag":"<id1>","isUploaded":true}}
mkdir a exclusive                  {"ok":false,"code":"exists","error":"a exists"}
write a/f.txt                      {"ok":true,"size":11,"mtime":"<t>","item":{"ref":"f:<id1>/f.txt","parentRef":"d:<id1>","name":"f.txt","kind":"file","size":11,"mtime":"<t>","etag":"","isUploaded":false,"contentId":"<id2>","availability":"cached"}}
stat by rel                        {"ok":true,"ref":"f:<id1>/f.txt","parentRef":"d:<id1>","name":"f.txt","kind":"file","size":11,"mtime":"<t>","etag":"","isUploaded":false,"contentId":"<id2>","availability":"cached"}
list_dir root                      {"ok":true,"items":[{"ref":"d:<id1>","parentRef":"root","name":"a","kind":"dir","size":0,"mtime":"<t>","etag":"<id1>","isUploaded":true}]}
list_dir a                         {"ok":true,"items":[{"ref":"f:<id1>/f.txt","parentRef":"d:<id1>","name":"f.txt","kind":"file","size":11,"mtime":"<t>","etag":"","isUploaded":false,"contentId":"<id2>","availability":"cached"}]}
staging outside the roots          {"ok":false,"code":"denied","error":"/etc/hostname: outside the roots this host declares"}
ensure_cached                      {"ok":true,"localPath":"<root>/home/out.txt"}
  content                          "hello world"
ensure_cached onto a file          {"ok":false,"code":"denied","error":"<root>/home/out.txt: already exists"}
rename to g.txt                    {"ok":true,"item":{"ref":"f:<id1>/g.txt","parentRef":"d:<id1>","name":"g.txt","kind":"file","size":11,"mtime":"<t>","etag":"","isUploaded":false,"contentId":"<id2>","availability":"cached"}}
stat the old ref                   {"ok":false,"code":"not_found","error":"f:<id1>/f.txt: no such file"}
delete a folder                    {"ok":false,"code":"invalid","error":"a folder is removed with rmdir"}
rmdir a                            {"ok":true}
list_dir root                      {"ok":true,"items":[]}
== refusals
malformed ref                      {"ok":false,"code":"invalid","error":"malformed item reference \"x:1\""}
storage key                        {"ok":false,"code":"invalid","error":"malformed item reference \"tsync/docs/x\""}
unknown action                     {"ok":false,"code":"invalid","error":"unknown action: frobnicate"}
read-only domain                   {"ok":false,"code":"read_only","error":"ro is read-only"}
no domain on a shared socket       {"ok":false,"code":"invalid","error":"domain is required on this socket"}
a domain not served                {"ok":false,"code":"unreachable","error":"nope is not served here"}
pause                              {"ok":true,"paused":true}
sync while paused                  {"ok":false,"code":"paused","error":"docs is paused"}
resume                             {"ok":true,"paused":false}
== events
subscribe                          {"ok":true}
first event                        {"event":"recovered","domain":"docs","id":3}
notify_reset                       {"ok":true,"delivered":1}
next event                         {"event":"reset","domain":"docs","id":4}
== stop
stop                               {"ok":true}
exit status 0
socket gone: true
