== ownership
held by role=daemon what=tsync start socket=true
== rows and mutations
stat root                          {"ok":true,"ref":"root","parentRef":"root","name":"docs","kind":"dir","size":0,"mtime":"<t>","etag":".tsync-root","isUploaded":true}
mkdir a                            {"ok":true,"item":{"ref":"d:<id1>","parentRef":"root","name":"a","kind":"dir","size":0,"mtime":"<t>","etag":"<id1>","isUploaded":true}}
mkdir a again                      {"ok":true,"item":{"ref":"d:<id1>","parentRef":"root","name":"a","kind":"dir","size":0,"mtime":"<t>","etag":"<id1>","isUploaded":true}}
mkdir a exclusive                  {"ok":false,"code":"exists","error":"a exists"}
write a/f.txt                      {"ok":true,"size":11,"mtime":"<t>","item":{"ref":"f:<id1>/f.txt","parentRef":"d:<id1>","name":"f.txt","kind":"file","size":11,"mtime":"<t>","etag":"","isUploaded":false,"contentId":"<id2>","availability":"cached"}}
stat by rel                        {"ok":true,"ref":"f:<id1>/f.txt","parentRef":"d:<id1>","name":"f.txt","kind":"file","size":11,"mtime":"<t>","etag":"","isUploaded":false,"contentId":"<id2>","availability":"cached"}
list_dir root                      {"ok":true,"items":[{"ref":"d:<id1>","parentRef":"root","name":"a","kind":"dir","size":0,"mtime":"<t>","etag":"<id1>","isUploaded":true}]}
list_dir a                         {"ok":true,"items":[{"ref":"f:<id1>/f.txt","parentRef":"d:<id1>","name":"f.txt","kind":"file","size":11,"mtime":"<t>","etag":"","isUploaded":false,"contentId":"<id2>","availability":"cached"}]}
staging outside the roots          {"ok":false,"code":"denied","error":"/etc/hostname: outside the roots this host declares"}
ensure_cached                      {"ok":true,"localPath":"<root>/home/out.txt"}
  content                          "hello world"
ensure_cached onto a file          {"ok":false,"code":"denied","error":"<root>/home/out.txt: already exists"}
after tempDir=/: a dest outside    denied
a dest in the declared tempDir     ok
the earlier tempDir, once replaced denied
rename to g.txt                    {"ok":true,"item":{"ref":"f:<id1>/g.txt","parentRef":"d:<id1>","name":"g.txt","kind":"file","size":11,"mtime":"<t>","etag":"","isUploaded":false,"contentId":"<id2>","availability":"cached"}}
stat the old ref                   {"ok":false,"code":"not_found","error":"f:<id1>/f.txt: no such file"}
delete a folder                    {"ok":false,"code":"invalid","error":"a folder is removed with rmdir"}
rmdir a                            {"ok":true}
list_dir root                      {"ok":true,"items":[]}
== refusals
malformed ref                      {"ok":false,"code":"invalid","error":"malformed item reference \"x:1\""}
storage key                        {"ok":false,"code":"invalid","error":"malformed item reference \"tsync/docs/x\""}
unknown action                     {"ok":false,"code":"invalid","error":"unknown action: frobnicate"}
read-only domain                   {"ok":false,"code":"read_only","error":"ro is read-only"}
no domain on a shared socket       {"ok":false,"code":"invalid","error":"domain is required on this socket"}
a domain not served                {"ok":false,"code":"unreachable","error":"nope is not served here"}
pause                              {"ok":true,"paused":true}
sync while paused                  {"ok":false,"code":"paused","error":"docs is paused"}
resume                             {"ok":true,"paused":false}
== events
subscribe                          {"ok":true}
first event                        {"event":"recovered","domain":"docs","id":6}
notify_reset                       {"ok":true,"delivered":1}
next event                         {"event":"reset","domain":"docs","id":7}
== jobs
  line                             {"stream":"started","job":1}
  line                             {"stream":"out","text":"full resync: 0 manifests"}
sync --full, narrated              {"ok":true,"exit":0}
  progress streamed: true
  line                             {"stream":"started","job":2}
  line                             {"stream":"out","text":"main: 0 chunks referenced, 0 reclaimable (0 B) (dry run: nothing changed; --apply to act)"}
gc dry run, narrated               {"ok":true,"exit":0}
  narration streamed: true, progress streamed: true
gc --apply, held at opening        {"stream":"started","job":3}
expire meanwhile                   {"ok":false,"code":"busy","error":"busy: tsync gc --apply (job 3) is running on docs"}
cancel it                          {"ok":true,"cancelled":true}
  line                             {"stream":"out","text":"main: completed; 0 namespaces marked, 0 chunks promoted, 0 reclaimed (0 B)"}
  line                             {"ok":true,"exit":0}
cancel once it ended               {"ok":true,"cancelled":false}
  line                             {"stream":"started","job":5}
  line                             {"stream":"out","text":"main: completed; 0 namespaces marked, 0 chunks promoted, 0 reclaimed (0 B)"}
gc --abort                         {"ok":true,"exit":0}
reports the supervisor got, in order:
  sync --full: running
  sync --full: done
  gc: running
  gc: done
  gc --apply: running
  gc --apply: done
  gc --abort: running
  gc --abort: done
== stop
stop                               {"ok":true}
exit status 0
socket gone: true
