ping              request reads back, reply reads back
stat              request reads back, reply reads back
stat              request reads back, reply reads back
list_dir          request reads back, reply reads back
cursor            request reads back, reply reads back
ensure_cached     request reads back, reply reads back
fetch_range       request reads back, reply reads back
download_progress request reads back, reply reads back
create            request reads back, reply reads back
write             request reads back, reply reads back
mkdir             request reads back, reply reads back
symlink           request reads back, reply reads back
rename            request reads back, reply reads back
delete            request reads back, reply reads back
rmdir             request reads back, reply reads back
evict             request reads back, reply reads back
restore           request reads back, reply reads back
full_resync       request reads back, reply reads back
sync              request reads back, reply reads back
sync              request reads back, reply reads back
trash_restore     request reads back, reply reads back
trash_restore     request reads back, reply reads back
trash_restore     request reads back, reply reads back
job               request reads back, reply reads back
job               request reads back, reply reads back
job               request reads back, reply reads back
cancel            request reads back, reply reads back
cancel            request reads back, reply reads back
retry             request reads back, reply reads back
poll              request reads back, reply reads back
notify_reset      request reads back, reply reads back
status            request reads back, reply reads back
pause             request reads back, reply reads back
stop              request reads back, reply reads back
a failure reply raises its kind: unprepared/paused
an unknown action is refused: unknown action: fly
