subscribe without a domain   {"ok":true}
menu                         {"icon":"tsync-error-symbolic","tooltip":"tsync — No domains configured","entries":[{"label":"tsync — No domains configured","enabled":true,"indent":0,"action":{}},{"separator":true},{"label":"Stats","enabled":true,"indent":0,"action":{"stats":true},"submenu":true},{"label":"Hold changes","enabled":false,"indent":0,"action":{"setPaused":true},"checked":false}]}
stop                         {"ok":true}
exit status 0
