subscribe without a domain   {"ok":true}
first events: recovered docs, recovered pics
menu                         {"icon":"tsync-idle-symbolic","tooltip":"tsync — Idle","entries":[{"label":"docs — Idle","enabled":true,"indent":0,"action":{"openFolder":"docs"}},{"label":"pics — Idle","enabled":true,"indent":0,"action":{"openFolder":"pics"}},{"separator":true},{"label":"Stats","enabled":true,"indent":0,"action":{"stats":true},"submenu":true},{"label":"Hold changes","enabled":true,"indent":0,"action":{"setPaused":true},"checked":false}]}
menu_stats row: pid
menu_stats row: cpu
menu_stats row: up
menu_stats row: ---
menu_stats row: pics — versioned
menu_stats row: cache 0 chunks · 0 B
menu_stats row: queue 0 files · 0 B owed
menu_stats row: main (main)
menu_stats row: ---
menu_stats row: docs — versioned
menu_stats row: cache 0 chunks · 0 B
menu_stats row: queue 0 files · 0 B owed
menu_stats row: main (main)
pause every domain           {"ok":true,"paused":true}
menu while held              {"icon":"tsync-paused-symbolic","tooltip":"tsync — Paused","entries":[{"label":"docs — Paused","enabled":true,"indent":0,"action":{"openFolder":"docs"}},{"label":"pics — Paused","enabled":true,"indent":0,"action":{"openFolder":"pics"}},{"separator":true},{"label":"Stats","enabled":true,"indent":0,"action":{"stats":true},"submenu":true},{"label":"Hold changes","enabled":true,"indent":0,"action":{"setPaused":false},"checked":true}]}
resume                       {"ok":true,"paused":false}
paused after resume: docs=false, pics=false
after the first rebuilds: changed docs, changed pics
notify_reset of pics         {"ok":true,"delivered":1}
full_resync of docs          {"ok":true}
then: changed docs, reset pics
write, no declared roots     {"ok":true,"size":5,"mtime":"<x>","item":{"ref":"<x>","parentRef":"<x>","name":"f.txt","kind":"file","size":5,"mtime":"<x>","etag":"<x>","isUploaded":false,"contentId":"<x>","availability":"cached"}}
a dest that exists           {"ok":false,"code":"denied","error":"<dir>/taken: already exists"}
a dest under a link          {"ok":false,"code":"denied","error":"<dir>/link/out: a component is not a directory"}
stop                         {"ok":true}
exit status 0
