=== create
  write a.txt "hello tsync"
  drain
--- tree
  f a.txt size=11 cached=true uploaded=true etag=cba685e06d3e500f
--- content
  a.txt = "hello tsync"
--- backend
  chunk cba685e06d3e500f-293331628d03f29b size=11
  journal <entry-1> = put a.txt 11
  file a.txt = manifest size=11 chunks=1 h1=cba685e06d3e500f h2=293331628d03f29b
    chunk#0 cba685e06d3e500f-293331628d03f29b size=11

=== copy
  write a.txt "same content"
  drain
  write b.txt "same content"
  drain
--- tree
  f a.txt size=12 cached=true uploaded=true etag=70c096db7a2b03dc
  f b.txt size=12 cached=true uploaded=true etag=70c096db7a2b03dc
--- content
  a.txt = "same content"
  b.txt = "same content"
--- backend
  chunk 70c096db7a2b03dc-ebb5c33424e783da size=12
  journal <entry-1> = put a.txt 12
  journal <entry-2> = put b.txt 12
  file a.txt = manifest size=12 chunks=1 h1=70c096db7a2b03dc h2=ebb5c33424e783da
    chunk#0 70c096db7a2b03dc-ebb5c33424e783da size=12
  file b.txt = manifest size=12 chunks=1 h1=70c096db7a2b03dc h2=ebb5c33424e783da
    chunk#0 70c096db7a2b03dc-ebb5c33424e783da size=12

=== rename
  write a.txt "renamed content"
  drain
  rename a.txt -> b.txt
  drain
--- tree
  f b.txt size=15 cached=true uploaded=true etag=7ca14c1744b7cedc
--- content
  b.txt = "renamed content"
--- backend
  chunk 7ca14c1744b7cedc-339b870e9f742377 size=15
  cursor = <entry-2>
  journal <entry-1> = put a.txt 15
  journal <entry-2> = rename a.txt -> b.txt 15
  file b.txt = manifest size=15 chunks=1 h1=7ca14c1744b7cedc h2=339b870e9f742377
    chunk#0 7ca14c1744b7cedc-339b870e9f742377 size=15

=== delete
  write a.txt "doomed"
  drain
  delete a.txt
  drain
--- tree
--- content
--- backend
  chunk 09e48a430f6114e8-93dcbb988c78a9c2 size=6
  cursor = <entry-2>
  journal <entry-1> = put a.txt 6
  journal <entry-2> = delete a.txt
  dir tsync/test/manifests/

=== evict
  write a.txt "evicted"
  drain
  evict a.txt
--- tree
  f a.txt size=7 cached=false uploaded=true etag=b25629393d3da6f1
--- content
  a.txt = "evicted"
--- backend
  chunk b25629393d3da6f1-b6252d5b8a6e08d1 size=7
  journal <entry-1> = put a.txt 7
  file a.txt = manifest size=7 chunks=1 h1=b25629393d3da6f1 h2=b6252d5b8a6e08d1
    chunk#0 b25629393d3da6f1-b6252d5b8a6e08d1 size=7

=== restore
  write a.txt "round trip"
  drain
  evict a.txt
  restore a.txt
--- tree
  f a.txt size=10 cached=true uploaded=true etag=6bee7502b94912b4
--- content
  a.txt = "round trip"
--- backend
  chunk 6bee7502b94912b4-8513b792d20a75a2 size=10
  journal <entry-1> = put a.txt 10
  file a.txt = manifest size=10 chunks=1 h1=6bee7502b94912b4 h2=8513b792d20a75a2
    chunk#0 6bee7502b94912b4-8513b792d20a75a2 size=10

=== mkdir
  mkdir sub
  drain
  write sub/a.txt "nested"
  drain
--- tree
  d sub/
  f sub/a.txt size=6 cached=true uploaded=true etag=fa87ee5fc199e332
--- content
  sub/a.txt = "nested"
--- backend
  chunk fa87ee5fc199e332-c7156c4359a54f81 size=6
  cursor = <entry-1>
  journal <entry-1> = mkdir sub/
  journal <entry-2> = put sub/a.txt 6
  file sub/a.txt = manifest size=6 chunks=1 h1=fa87ee5fc199e332 h2=c7156c4359a54f81
    chunk#0 fa87ee5fc199e332-c7156c4359a54f81 size=6

=== rmdir
  mkdir sub
  drain
  rmdir sub
  drain
--- tree
--- content
--- backend
  cursor = <entry-2>
  journal <entry-1> = mkdir sub/
  journal <entry-2> = rmdir sub/
  dir tsync/test/manifests/

=== symlink
  write real.txt "target data"
  drain
  symlink link.txt -> real.txt
  drain
--- tree
  f link.txt size=8 cached=false uploaded=true etag=32be1ca2d26f5660
  f real.txt size=11 cached=true uploaded=true etag=ea7acaa9e7fcecc5
--- content
  link.txt -> real.txt
  real.txt = "target data"
--- backend
  chunk ea7acaa9e7fcecc5-7ddba95dcebaaa04 size=11
  cursor = <entry-2>
  journal <entry-1> = put real.txt 11
  journal <entry-2> = put link.txt 8
  symlink link.txt -> real.txt
  file real.txt = manifest size=11 chunks=1 h1=ea7acaa9e7fcecc5 h2=7ddba95dcebaaa04
    chunk#0 ea7acaa9e7fcecc5-7ddba95dcebaaa04 size=11

=== symlink delete
  symlink link.txt -> gone.txt
  drain
  delete link.txt
  drain
--- tree
--- content
--- backend
  cursor = <entry-2>
  journal <entry-1> = put link.txt 8
  journal <entry-2> = delete link.txt
  dir tsync/test/manifests/

=== follow: symlink creation rejected
  symlink link.txt -> real.txt
  symlink link.txt: rejected (Unix.Unix_error(Unix.EPERM, "symlink", "tsync/test/manifests/link.txt"))
--- tree
--- content
--- backend

=== skip: symlink creation rejected
  symlink link.txt -> real.txt
  symlink link.txt: rejected (Unix.Unix_error(Unix.EPERM, "symlink", "tsync/test/manifests/link.txt"))
--- tree
--- content
--- backend

