put: nothing in the way                                                                            -> write theirs
put: staged                                                                                        -> our staged file aside; write theirs
put: our folder there                                                                              -> our folder aside, as a rename; write theirs
put: our folder there, staged                                                                      -> our folder aside, as a rename; our staged file aside; write theirs
put: our folder there, holding no id                                                               -> our folder aside, here only; write theirs
put: our folder there, holding no id, staged                                                       -> our folder aside, here only; our staged file aside; write theirs
put: ours renamed onto the name                                                                    -> ours aside, its rename retargeted; write theirs
put: ours renamed onto the name, staged                                                            -> ours aside, its rename retargeted; write theirs
put: ours renamed onto the name, our folder there                                                  -> ours aside, its rename retargeted; our folder aside, as a rename; write theirs
put: ours renamed onto the name, our folder there, staged                                          -> ours aside, its rename retargeted; our folder aside, as a rename; write theirs
put: ours renamed onto the name, our folder there, holding no id                                   -> ours aside, its rename retargeted; our folder aside, here only; write theirs
put: ours renamed onto the name, our folder there, holding no id, staged                           -> ours aside, its rename retargeted; our folder aside, here only; write theirs
delete: nothing in the way                                                                         -> remove the file
delete: staged                                                                                     -> our staged file aside; remove the file
mkdir: nothing in the way                                                                          -> make the folder
mkdir: another folder there                                                                        -> our folder aside, as a rename; make the folder
mkdir: our staged file there                                                                       -> our staged file aside; make the folder
mkdir: our staged file there, another folder there                                                 -> our staged file aside; our folder aside, as a rename; make the folder
mkdir: the folder already here elsewhere                                                           -> skip (already applied)
mkdir: the folder already here elsewhere, another folder there                                     -> skip (already applied)
mkdir: the folder already here elsewhere, our staged file there                                    -> skip (already applied)
mkdir: the folder already here elsewhere, our staged file there, another folder there              -> skip (already applied)
rmdir: found by its id                                                                             -> rescue what is staged under it; remove the folder
rmdir: looked for at its path                                                                      -> rescue what is staged under it; remove the folder
rmdir: its path held by another folder                                                             -> skip (held by another folder)
rename folder: source at its path, destination free                                                -> move the folder
rename folder: source at its path, destination holds the same folder                               -> retire the stale source
rename folder: source at its path, destination holds another folder                                -> our folder aside, as a rename; move the folder
rename folder: source at its path, destination free, staged under it                               -> skip (unpublished work here)
rename folder: source at its path, destination holds the same folder, staged under it              -> skip (unpublished work here)
rename folder: source at its path, destination holds another folder, staged under it               -> skip (unpublished work here)
rename folder: source at its path, destination free, already there                                 -> skip (already applied)
rename folder: source at its path, destination holds the same folder, already there                -> skip (already applied)
rename folder: source at its path, destination holds another folder, already there                 -> skip (already applied)
rename folder: source at its path, destination free, already there, staged under it                -> skip (already applied)
rename folder: source at its path, destination holds the same folder, already there, staged under it -> skip (already applied)
rename folder: source at its path, destination holds another folder, already there, staged under it -> skip (already applied)
rename folder: source found by its id, destination free                                            -> move the folder
rename folder: source found by its id, destination holds the same folder                           -> retire the stale source
rename folder: source found by its id, destination holds another folder                            -> our folder aside, as a rename; move the folder
rename folder: source found by its id, destination free, staged under it                           -> skip (unpublished work here)
rename folder: source found by its id, destination holds the same folder, staged under it          -> skip (unpublished work here)
rename folder: source found by its id, destination holds another folder, staged under it           -> skip (unpublished work here)
rename folder: source found by its id, destination free, already there                             -> skip (already applied)
rename folder: source found by its id, destination holds the same folder, already there            -> skip (already applied)
rename folder: source found by its id, destination holds another folder, already there             -> skip (already applied)
rename folder: source found by its id, destination free, already there, staged under it            -> skip (already applied)
rename folder: source found by its id, destination holds the same folder, already there, staged under it -> skip (already applied)
rename folder: source found by its id, destination holds another folder, already there, staged under it -> skip (already applied)
rename folder: source gone, destination free                                                       -> skip (nothing to move)
rename folder: source gone, destination holds the same folder                                      -> skip (nothing to move)
rename folder: source gone, destination holds another folder                                       -> skip (nothing to move)
rename folder: source gone, destination free, staged under it                                      -> skip (nothing to move)
rename folder: source gone, destination holds the same folder, staged under it                     -> skip (nothing to move)
rename folder: source gone, destination holds another folder, staged under it                      -> skip (nothing to move)
rename folder: source gone, destination free, already there                                        -> skip (nothing to move)
rename folder: source gone, destination holds the same folder, already there                       -> skip (nothing to move)
rename folder: source gone, destination holds another folder, already there                        -> skip (nothing to move)
rename folder: source gone, destination free, already there, staged under it                       -> skip (nothing to move)
rename folder: source gone, destination holds the same folder, already there, staged under it      -> skip (nothing to move)
rename folder: source gone, destination holds another folder, already there, staged under it       -> skip (nothing to move)
rename folder: source at its path, destination free, our own op on it owed                         -> skip (ours publishes later)
rename folder: source at its path, destination holds the same folder, our own op on it owed        -> skip (ours publishes later)
rename folder: source at its path, destination holds another folder, our own op on it owed         -> skip (ours publishes later)
rename folder: source at its path, destination free, our own op on it owed, staged under it        -> skip (ours publishes later)
rename folder: source at its path, destination holds the same folder, our own op on it owed, staged under it -> skip (ours publishes later)
rename folder: source at its path, destination holds another folder, our own op on it owed, staged under it -> skip (ours publishes later)
rename folder: source at its path, destination free, our own op on it owed, already there          -> skip (ours publishes later)
rename folder: source at its path, destination holds the same folder, our own op on it owed, already there -> skip (ours publishes later)
rename folder: source at its path, destination holds another folder, our own op on it owed, already there -> skip (ours publishes later)
rename folder: source at its path, destination free, our own op on it owed, already there, staged under it -> skip (ours publishes later)
rename folder: source at its path, destination holds the same folder, our own op on it owed, already there, staged under it -> skip (ours publishes later)
rename folder: source at its path, destination holds another folder, our own op on it owed, already there, staged under it -> skip (ours publishes later)
rename folder: source found by its id, destination free, our own op on it owed                     -> skip (ours publishes later)
rename folder: source found by its id, destination holds the same folder, our own op on it owed    -> skip (ours publishes later)
rename folder: source found by its id, destination holds another folder, our own op on it owed     -> skip (ours publishes later)
rename folder: source found by its id, destination free, our own op on it owed, staged under it    -> skip (ours publishes later)
rename folder: source found by its id, destination holds the same folder, our own op on it owed, staged under it -> skip (ours publishes later)
rename folder: source found by its id, destination holds another folder, our own op on it owed, staged under it -> skip (ours publishes later)
rename folder: source found by its id, destination free, our own op on it owed, already there      -> skip (ours publishes later)
rename folder: source found by its id, destination holds the same folder, our own op on it owed, already there -> skip (ours publishes later)
rename folder: source found by its id, destination holds another folder, our own op on it owed, already there -> skip (ours publishes later)
rename folder: source found by its id, destination free, our own op on it owed, already there, staged under it -> skip (ours publishes later)
rename folder: source found by its id, destination holds the same folder, our own op on it owed, already there, staged under it -> skip (ours publishes later)
rename folder: source found by its id, destination holds another folder, our own op on it owed, already there, staged under it -> skip (ours publishes later)
rename folder: source gone, destination free, our own op on it owed                                -> skip (ours publishes later)
rename folder: source gone, destination holds the same folder, our own op on it owed               -> skip (ours publishes later)
rename folder: source gone, destination holds another folder, our own op on it owed                -> skip (ours publishes later)
rename folder: source gone, destination free, our own op on it owed, staged under it               -> skip (ours publishes later)
rename folder: source gone, destination holds the same folder, our own op on it owed, staged under it -> skip (ours publishes later)
rename folder: source gone, destination holds another folder, our own op on it owed, staged under it -> skip (ours publishes later)
rename folder: source gone, destination free, our own op on it owed, already there                 -> skip (ours publishes later)
rename folder: source gone, destination holds the same folder, our own op on it owed, already there -> skip (ours publishes later)
rename folder: source gone, destination holds another folder, our own op on it owed, already there -> skip (ours publishes later)
rename folder: source gone, destination free, our own op on it owed, already there, staged under it -> skip (ours publishes later)
rename folder: source gone, destination holds the same folder, our own op on it owed, already there, staged under it -> skip (ours publishes later)
rename folder: source gone, destination holds another folder, our own op on it owed, already there, staged under it -> skip (ours publishes later)
rename file: source not here                                                                       -> adopt theirs at the destination
rename file: source not here, destination staged                                                   -> skip (unpublished work here)
rename file: source not here, source staged                                                        -> adopt theirs at the destination
rename file: source not here, source staged, destination staged                                    -> skip (unpublished work here)
rename file: source here                                                                           -> move the file
rename file: source here, destination staged                                                       -> move the file
rename file: source here, source staged                                                            -> skip (unpublished work here)
rename file: source here, source staged, destination staged                                        -> skip (unpublished work here)

105 situation(s)
