== two domains, one busy
icon    tsync-sync-symbolic
tooltip tsync — Uploading 3
        photos — Uploading 3 -> open photos
            a_1.jpg (image-x-generic) -> reveal photos:a_1.jpg
            b.mov (video-x-generic) -> reveal photos:b.mov
        docs — Idle -> open docs
        ---
        212.9 MB sent · 11.9 GB to go
        1.5 MB/s · 2h 13m left
        ---
        Stats >
        [ ] Pause uploads -> pause true
        ---
        Quit tsync tray -> quit

== daemon not running
icon    tsync-error-symbolic
tooltip tsync — Daemon not running
        photos — not answering -> open photos
        ---
        Stats >
        [ ] Pause uploads (disabled)
        ---
        Quit tsync tray -> quit

== paused with a backlog
icon    tsync-paused-symbolic
tooltip tsync — Paused
        photos — Paused -> open photos
            f1.txt (text-x-generic) -> reveal photos:f1.txt
            f2.txt (text-x-generic) -> reveal photos:f2.txt
            f3.txt (text-x-generic) -> reveal photos:f3.txt
            f4.txt (text-x-generic) -> reveal photos:f4.txt
            f5.txt (text-x-generic) -> reveal photos:f5.txt
            … and 2 more
        ---
        0 B sent · 500 B to go
        ---
        Stats >
        [x] Pause uploads -> pause false
        ---
        Quit tsync tray -> quit

== downloads below the threshold
icon    tsync-sync-symbolic
tooltip tsync — Downloading 2
        photos — Downloading 2 -> open photos
        ---
        1020.4 MB sent
        ---
        Stats >
        [ ] Pause uploads -> pause true
        ---
        Quit tsync tray -> quit

== downloading, with uploads alongside
icon    tsync-sync-symbolic
tooltip tsync — Uploading 1 · Downloading 2
        photos — Uploading 1 · Downloading 2 -> open photos
            out.raw (image-x-generic) -> reveal photos:out.raw
            holiday.mov (video-x-generic) -> reveal photos:trips/holiday.mov
                752.0 MB of 14.5 GB · 1.5 MB/s · 2h 34m left
            notes.pdf (x-office-document) -> reveal photos:notes.pdf
                234.4 KB of 878.9 KB
        ---
        1000 B sent
        ---
        Stats >
        [ ] Pause uploads -> pause true
        ---
        Quit tsync tray -> quit

== more downloads than fit
icon    tsync-sync-symbolic
tooltip tsync — Downloading 7
        photos — Downloading 7 -> open photos
            f1.iso (package-x-generic) -> reveal photos:f1.iso
            f2.iso (package-x-generic) -> reveal photos:f2.iso
            f3.iso (package-x-generic) -> reveal photos:f3.iso
            f4.iso (package-x-generic) -> reveal photos:f4.iso
            f5.iso (package-x-generic) -> reveal photos:f5.iso
            … and 2 more
        ---
        Stats >
        [ ] Pause uploads -> pause true
        ---
        Quit tsync tray -> quit

== no domains
icon    tsync-error-symbolic
tooltip tsync — No domains configured
        tsync — No domains configured
        ---
        Stats >
        [ ] Pause uploads (disabled)
        ---
        Quit tsync tray -> quit

== menu as JSON
{
  "icon": "tsync-sync-symbolic",
  "tooltip": "tsync — Uploading 1 · Downloading 1",
  "rows": [
    {
      "label": "photos — Uploading 1 · Downloading 1",
      "enabled": true,
      "indent": 0,
      "action": { "openFolder": "photos" }
    },
    {
      "label": "out.raw",
      "enabled": true,
      "indent": 1,
      "action": { "reveal": { "domain": "photos", "rel": "out.raw" } }
    },
    { "label": "1.1 MB", "enabled": true, "indent": 2, "action": {} },
    {
      "label": "holiday.mov",
      "enabled": true,
      "indent": 1,
      "action": {
        "reveal": { "domain": "photos", "rel": "trips/holiday.mov" }
      }
    },
    {
      "label": "752.0 MB of 14.5 GB · 1.5 MB/s · 2h 34m left",
      "enabled": true,
      "indent": 2,
      "action": {}
    },
    { "separator": true },
    { "label": "1000 B sent", "enabled": true, "indent": 0, "action": {} },
    { "separator": true },
    {
      "label": "Stats",
      "enabled": true,
      "indent": 0,
      "action": { "stats": true },
      "submenu": true
    },
    {
      "label": "Pause uploads",
      "enabled": true,
      "indent": 0,
      "action": { "setPaused": true },
      "checked": false
    },
    { "separator": true },
    {
      "label": "Quit tsync menu bar",
      "enabled": true,
      "indent": 0,
      "action": { "quit": true }
    }
  ],
  "submenuPlaceholder": [
    { "label": "Reading…", "enabled": true, "indent": 0, "action": {} }
  ]
}

== stats submenu
        booky — fuse
        pid 102259 · up 12h 5m
        cpu 1.0% · 739.8 MB rss · 84.3 MB heap
        up 0 B · down 11.6 GB (1.5 MB/s)
        ---
        Jellyfin Media — read-only, versioned
            /home/u/tsync/Jellyfin Media
            cache 1216 chunks · 10.0 GB of 10.0 GB
            0 uploading · 2 downloading · 0 staged
            read 515.4 MB · written 0 B
            http-proxy (main) — reachable, 11 ms · journal 402 entries
            cold (replica) — unreachable: connection refused · journal 88 entries, 12 behind

== stats, sparse
        server — headless
        pid 7 · just started
        cpu 0.0% · 39.3 MB rss · 7.6 MB heap
        up 212.9 MB (1.5 MB/s) · down 0 B
        ---
        docs
            wal 3 pending · 1 stuck
            disk (main) — reachable

== stats, nothing answering
        No daemon answering

== human_bytes
0                0 B
1                1 B
999              999 B
1000             1000 B
1500             1.5 KB
999999           976.6 KB
1000000          976.6 KB
223200000        212.9 MB
1000000000       953.7 MB
1070000000       1020.4 MB
12800000000      11.9 GB
5000000000       4.7 GB
2500000000000    2.3 TB

== eta
0          (none)
45         (none)
60         1m
90         1m
3600       1h
8000       2h 13m
86400      1d
90000      1d 1h
180000     2d 2h

== file_icon
a.jpg            image-x-generic
b.MOV            video-x-generic
c.flac           audio-x-generic
d.pdf            x-office-document
e.xlsx           x-office-spreadsheet
f.zip            package-x-generic
g.txt            text-x-generic
h                text-x-generic
