=== foreign_put
  A: write foo.txt "hello"
  A: drain
  B: sync
--- tree A
  f foo.txt size=5 cached=true uploaded=true etag=cfc4edca0bdce7a2
--- content A
  foo.txt = "hello"
--- pending A
--- tree B
  f foo.txt size=5 cached=false uploaded=true etag=cfc4edca0bdce7a2
--- content B
  foo.txt = "hello"
--- pending B
--- backend
  chunk 9555e8555c62dcfd-74b07ed397a89e92 size=5
  journal <entry-1> = put foo.txt 5
  file foo.txt = manifest size=5 chunks=1

=== foreign_delete
  A: write foo.txt "hello"
  A: drain
  B: sync
  A: delete foo.txt
  A: drain
  B: sync
--- tree A
--- content A
--- pending A
--- tree B
--- content B
--- pending B
--- backend
  chunk 9555e8555c62dcfd-74b07ed397a89e92 size=5
  journal <entry-1> = put foo.txt 5
  journal <entry-2> = delete foo.txt
  version = <entry-2>
  dir tsync/test/

=== foreign_overwrite
  A: write foo.txt "hello"
  A: drain
  B: sync
  B: restore foo.txt
  A: write foo.txt "hello, world!"
  A: drain
  B: sync
--- tree A
  f foo.txt size=13 cached=true uploaded=true etag=0771bb1994fbe017
--- content A
  foo.txt = "hello, world!"
--- pending A
--- tree B
  f foo.txt size=13 cached=false uploaded=true etag=0771bb1994fbe017
--- content B
  foo.txt = "hello, world!"
--- pending B
--- backend
  chunk 37d0952b447ba6cc-f3cf2ed32de60965 size=13
  chunk 9555e8555c62dcfd-74b07ed397a89e92 size=5
  journal <entry-1> = put foo.txt 5
  journal <entry-2> = put foo.txt 13
  file foo.txt = manifest size=13 chunks=1

=== foreign_rename
  A: write foo.txt "renamed content"
  A: drain
  B: sync
  B: restore foo.txt
  A: rename foo.txt -> bar.txt
  A: drain
  B: sync
--- tree A
  f bar.txt size=15 cached=true uploaded=true etag=0a27e26deaa484f1
--- content A
  bar.txt = "renamed content"
--- pending A
--- tree B
  f bar.txt size=15 cached=true uploaded=true etag=0a27e26deaa484f1
--- content B
  bar.txt = "renamed content"
--- pending B
--- backend
  chunk 7ca14c1744b7cedc-339b870e9f742377 size=15
  journal <entry-1> = put foo.txt 15
  journal <entry-2> = rename foo.txt -> bar.txt 15
  version = <entry-2>
  file bar.txt = manifest size=15 chunks=1

=== foreign_rename_chain
  A: write foo.txt "chained"
  A: drain
  B: sync
  A: rename foo.txt -> bar.txt
  A: drain
  A: rename bar.txt -> baz.txt
  A: drain
  B: sync
--- tree A
  f baz.txt size=7 cached=true uploaded=true etag=33e1af5e45645866
--- content A
  baz.txt = "chained"
--- pending A
--- tree B
  f baz.txt size=7 cached=false uploaded=true etag=33e1af5e45645866
--- content B
  baz.txt = "chained"
--- pending B
--- backend
  chunk e93e5e881ded4f7c-90a3b89755564bde size=7
  journal <entry-1> = put foo.txt 7
  journal <entry-2> = rename foo.txt -> bar.txt 7
  journal <entry-3> = rename bar.txt -> baz.txt 7
  version = <entry-3>
  file baz.txt = manifest size=7 chunks=1

=== foreign_mkdir
  A: mkdir sub
  A: drain
  A: write sub/a.txt "nested"
  A: drain
  B: sync
--- tree A
  d sub/
  f sub/a.txt size=6 cached=true uploaded=true etag=872c93b4f32e2aaa
--- content A
  sub/a.txt = "nested"
--- pending A
--- tree B
  d sub/
  f sub/a.txt size=6 cached=false uploaded=true etag=872c93b4f32e2aaa
--- content B
  sub/a.txt = "nested"
--- pending B
--- backend
  chunk fa87ee5fc199e332-c7156c4359a54f81 size=6
  journal <entry-1> = mkdir sub/
  journal <entry-2> = put sub/a.txt 6
  version = <entry-1>
  file sub/a.txt = manifest size=6 chunks=1

=== foreign_rmdir
  A: mkdir sub
  A: drain
  A: write sub/a.txt "nested"
  A: drain
  B: sync
  A: delete sub/a.txt
  A: drain
  A: rmdir sub
  A: drain
  B: sync
--- tree A
--- content A
--- pending A
--- tree B
--- content B
--- pending B
--- backend
  chunk fa87ee5fc199e332-c7156c4359a54f81 size=6
  journal <entry-1> = mkdir sub/
  journal <entry-2> = put sub/a.txt 6
  journal <entry-3> = delete sub/a.txt
  journal <entry-4> = rmdir sub/
  version = <entry-4>
  dir tsync/test/

=== concurrent_create
  A: write foo.txt "from A"
  A: drain
  B: write foo.txt "from client B"
  B: drain
  A: sync
--- tree A
  f foo.txt size=13 cached=false uploaded=true etag=7ac6228998da9812
--- content A
  foo.txt = "from client B"
--- pending A
--- tree B
  f foo.txt size=13 cached=true uploaded=true etag=7ac6228998da9812
--- content B
  foo.txt = "from client B"
--- pending B
--- backend
  chunk 09f85c812b60aedb-57817316f91d176e size=13
  chunk 2ddcd7df4a530027-b16926580286588d size=6
  journal <entry-1> = put foo.txt 6
  journal <entry-2> = put foo.txt 13
  file foo.txt = manifest size=13 chunks=1

=== open_file_guard
  B: write foo.txt "old content"
  B: drain
  B: open foo.txt
  A: write foo.txt "NEW CONTENT, MUCH LONGER"
  A: drain
  B: sync
  B: close foo.txt
--- tree A
  f foo.txt size=24 cached=true uploaded=true etag=e999e27279332e90
--- content A
  foo.txt = "NEW CONTENT, MUCH LONGER"
--- pending A
--- tree B
  f foo.txt size=11 cached=true uploaded=true etag=d12095152f8571e0
--- content B
  foo.txt = "old content"
--- pending B
--- backend
  chunk 28c76e4dce03a3c4-40c12ae687c32ec4 size=24
  chunk bad02738adfbeba0-e2449384da60a0ea size=11
  journal <entry-1> = put foo.txt 11
  journal <entry-2> = put foo.txt 24
  file foo.txt = manifest size=24 chunks=1

=== open_file_guard_closed
  B: write foo.txt "old content"
  B: drain
  B: open foo.txt
  A: write foo.txt "NEW CONTENT, MUCH LONGER"
  A: drain
  B: close foo.txt
  B: sync
--- tree A
  f foo.txt size=24 cached=true uploaded=true etag=e999e27279332e90
--- content A
  foo.txt = "NEW CONTENT, MUCH LONGER"
--- pending A
--- tree B
  f foo.txt size=24 cached=false uploaded=true etag=e999e27279332e90
--- content B
  foo.txt = "NEW CONTENT, MUCH LONGER"
--- pending B
--- backend
  chunk 28c76e4dce03a3c4-40c12ae687c32ec4 size=24
  chunk bad02738adfbeba0-e2449384da60a0ea size=11
  journal <entry-1> = put foo.txt 11
  journal <entry-2> = put foo.txt 24
  file foo.txt = manifest size=24 chunks=1

=== delete_rename_race
  A: write foo.txt "saved by rename"
  A: drain
  B: sync
  A: delete foo.txt
  A: drain
  B: rename foo.txt -> baz.txt
  B: sync
  A: sync
--- tree A
  f baz (conflicted copy from Client B).txt size=15 cached=false uploaded=true etag=541a59c4a3a23452
--- content A
  baz (conflicted copy from Client B).txt = "saved by rename"
--- pending A
--- tree B
  f baz (conflicted copy from Client B).txt size=15 cached=false uploaded=true etag=541a59c4a3a23452
--- content B
  baz (conflicted copy from Client B).txt = "saved by rename"
--- pending B
--- backend
  chunk 7927fec27038e81c-3a112440cfdf156a size=15
  journal <entry-1> = put foo.txt 15
  journal <entry-2> = delete foo.txt
  journal <entry-3> = put baz (conflicted copy from Client B).txt 15
  version = <entry-3>
  file baz (conflicted copy from Client B).txt = manifest size=15 chunks=1

=== rename_rename_race
  A: write foo.txt "conflict content"
  A: drain
  B: sync
  A: rename foo.txt -> bar.txt
  A: drain
  B: rename foo.txt -> baz.txt
  B: sync
  A: sync
--- tree A
  f bar.txt size=16 cached=true uploaded=true etag=2dfa6ab13721a00f
  f baz (conflicted copy from Client B).txt size=16 cached=false uploaded=true etag=2dfa6ab13721a00f
--- content A
  bar.txt = "conflict content"
  baz (conflicted copy from Client B).txt = "conflict content"
--- pending A
--- tree B
  f bar.txt size=16 cached=false uploaded=true etag=2dfa6ab13721a00f
  f baz (conflicted copy from Client B).txt size=16 cached=false uploaded=true etag=2dfa6ab13721a00f
--- content B
  bar.txt = "conflict content"
  baz (conflicted copy from Client B).txt = "conflict content"
--- pending B
--- backend
  chunk 63867f7d13d542db-2d81578912f1ac43 size=16
  journal <entry-1> = put foo.txt 16
  journal <entry-2> = rename foo.txt -> bar.txt 16
  journal <entry-3> = put baz (conflicted copy from Client B).txt 16
  version = <entry-3>
  file bar.txt = manifest size=16 chunks=1
  file baz (conflicted copy from Client B).txt = manifest size=16 chunks=1

