
=== a main this process has not heard from, and which is there
  write the replica: allowed
is looked at once: ok
and taken at its word after that: ok
  write the main: allowed
which is not what is being guarded, and costs nothing: ok

=== one that is not there
  before anybody looks: ok
  write the replica: refusing to copy to replica: the main "main" is not online (held down for s after  failures (HTTP )). A replica is never written while the main is offline, or it holds what nobody can check [transient]
is looked at, and found out: ok
  once known: the main "main" is not online (held down for s after  failures (HTTP ))
  write the main: allowed
the main is still the main's to be written, which is how it is refilled: ok

=== one that never answers
  write the replica: refusing to copy to replica: the main "main" is not online (no answer within s). A replica is never written while the main is offline, or it holds what nobody can check [transient]
is not waited on for ever: ok

=== a domain with no main at all
  ok
  write its store: allowed
has no source of truth to be behind: ok

=== a command that writes to every member, the main being gone
  data-integrity --verify: refusing to queue a verify pass on replica: the main "main" is not online (held down for s after  failures (HTTP )). A replica is never written while the main is offline, or it holds what nobody can check [transient]
leaves the replica holding exactly what it held: ok
  and with the main there: allowed
which is the same command allowed: ok

9 check(s), 0 failure(s)
