=== foreign_put
  A: write foo.txt "hello"
  A: drain
  B: sync
--- tree A
  f foo.txt size=5 cached=0/1 uploaded=true etag=650e58ac64da6e0a
--- content A
  foo.txt = "hello"
--- pending A
--- tree B
  f foo.txt size=5 cached=0/1 uploaded=true etag=650e58ac64da6e0a
--- content B
  foo.txt = "hello"
--- pending B
--- backend
  chunk 9555e8555c62dcfd-74b07ed397a89e92 size=5
  journal <entry-1> = put foo.txt 5
  file foo.txt [.tsync-root/b306717ed3feaa3f-615fce859cf8a12f] = manifest size=5 chunks=1 h1=650e58ac64da6e0a h2=2edbeded005becfe
    chunk#0 9555e8555c62dcfd-74b07ed397a89e92 size=5

=== foreign_delete
  A: write foo.txt "hello"
  A: drain
  B: sync
  A: delete foo.txt
  A: drain
  B: sync
--- tree A
--- content A
--- pending A
--- tree B
--- content B
--- pending B
--- backend
  chunk 9555e8555c62dcfd-74b07ed397a89e92 size=5
  cursor = <entry-2>
  journal <entry-1> = put foo.txt 5
  journal <entry-2> = delete foo.txt

=== foreign_overwrite
  A: write foo.txt "hello"
  A: drain
  B: sync
  B: restore foo.txt
  A: write foo.txt "hello, world!"
  A: drain
  B: sync
--- tree A
  f foo.txt size=13 cached=0/1 uploaded=true etag=e52cfb68e77fc491
--- content A
  foo.txt = "hello, world!"
--- pending A
--- tree B
  f foo.txt size=13 cached=0/1 uploaded=true etag=e52cfb68e77fc491
--- content B
  foo.txt = "hello, world!"
--- pending B
--- backend
  chunk 37d0952b447ba6cc-f3cf2ed32de60965 size=13
  chunk 9555e8555c62dcfd-74b07ed397a89e92 size=5
  journal <entry-1> = put foo.txt 5
  journal <entry-2> = put foo.txt 13
  file foo.txt [.tsync-root/b306717ed3feaa3f-615fce859cf8a12f] = manifest size=13 chunks=1 h1=e52cfb68e77fc491 h2=97c24e53f8305a27
    chunk#0 37d0952b447ba6cc-f3cf2ed32de60965 size=13

=== foreign_rename
  A: write foo.txt "renamed content"
  A: drain
  B: sync
  B: restore foo.txt
  A: rename foo.txt -> bar.txt
  A: drain
  B: sync
--- tree A
  f bar.txt size=15 cached=0/1 uploaded=true etag=095816902097b57a
--- content A
  bar.txt = "renamed content"
--- pending A
--- tree B
  f foo.txt size=-1 cached=0/0 uploaded=false etag=
--- content B
  foo.txt = ""
--- pending B
--- backend
  chunk 7ca14c1744b7cedc-339b870e9f742377 size=15
  cursor = <entry-2>
  journal <entry-1> = put foo.txt 15
  journal <entry-2> = rename foo.txt -> bar.txt 15
  file bar.txt [.tsync-root/5dfde940d8f8f5f8-5b620c0acd6130ed] = manifest size=15 chunks=1 h1=095816902097b57a h2=6af5636a87362acc
    chunk#0 7ca14c1744b7cedc-339b870e9f742377 size=15

=== foreign_rename_chain
  A: write foo.txt "chained"
  A: drain
  B: sync
  A: rename foo.txt -> bar.txt
  A: drain
  A: rename bar.txt -> baz.txt
  A: drain
  B: sync
--- tree A
  f baz.txt size=7 cached=0/1 uploaded=true etag=afd6915852083717
--- content A
  baz.txt = "chained"
--- pending A
--- tree B
  f foo.txt size=-1 cached=0/0 uploaded=false etag=
--- content B
  foo.txt = ""
--- pending B
--- backend
  chunk e93e5e881ded4f7c-90a3b89755564bde size=7
  cursor = <entry-3>
  journal <entry-1> = put foo.txt 7
  journal <entry-2> = rename foo.txt -> bar.txt 7
  journal <entry-3> = rename bar.txt -> baz.txt 7
  file baz.txt [.tsync-root/f7dfa6d012ca3b6f-955cbabab01f65a0] = manifest size=7 chunks=1 h1=afd6915852083717 h2=e1d23a844c387a9b
    chunk#0 e93e5e881ded4f7c-90a3b89755564bde size=7

=== foreign_mkdir
  A: mkdir sub
  A: drain
  A: write sub/a.txt "nested"
  A: drain
  B: sync
--- tree A
  d sub/
  f sub/a.txt size=6 cached=0/1 uploaded=true etag=7546f608548f4d0d
--- content A
  sub/a.txt = "nested"
--- pending A
--- tree B
  d sub/
  f sub/a.txt size=6 cached=0/1 uploaded=true etag=7546f608548f4d0d
--- content B
  sub/a.txt = "nested"
--- pending B
--- backend
  chunk fa87ee5fc199e332-c7156c4359a54f81 size=6
  cursor = <entry-1>
  journal <entry-1> = mkdir sub/
  journal <entry-2> = put sub/a.txt 6
  folder sub [.tsync-root/4f7b4244079f8bf6-67a7ed7af26470c3] -> 547c2ad623ddba3f
  file a.txt [547c2ad623ddba3f/f01e5cbbc09d4fc4-9a0fcd66f030de75] = manifest size=6 chunks=1 h1=7546f608548f4d0d h2=aaeab951ddf2968e
    chunk#0 fa87ee5fc199e332-c7156c4359a54f81 size=6

=== foreign_rmdir
  A: mkdir sub
  A: drain
  A: write sub/a.txt "nested"
  A: drain
  B: sync
  A: delete sub/a.txt
  A: drain
  A: rmdir sub
  A: drain
  B: sync
--- tree A
--- content A
--- pending A
--- tree B
--- content B
--- pending B
--- backend
  chunk fa87ee5fc199e332-c7156c4359a54f81 size=6
  cursor = <entry-4>
  journal <entry-1> = mkdir sub/
  journal <entry-2> = put sub/a.txt 6
  journal <entry-3> = delete sub/a.txt
  journal <entry-4> = rmdir sub/
  trash sub -> 547c2ad623ddba3f

=== foreign_rmdir_after_repeated_mkdir
  A: mkdir sub
  A: drain
  A: write sub/a.txt "nested"
  A: drain
  A: mkdir sub
  A: drain
  A: mkdir sub
  A: drain
  B: sync
  A: delete sub/a.txt
  A: drain
  A: rmdir sub
  A: drain
  B: sync
--- tree A
--- content A
--- pending A
--- tree B
--- content B
--- pending B
--- backend
  chunk fa87ee5fc199e332-c7156c4359a54f81 size=6
  cursor = <entry-6>
  journal <entry-1> = mkdir sub/
  journal <entry-2> = put sub/a.txt 6
  journal <entry-3> = mkdir sub/
  journal <entry-4> = mkdir sub/
  journal <entry-5> = delete sub/a.txt
  journal <entry-6> = rmdir sub/
  trash sub -> 547c2ad623ddba3f

=== concurrent_mkdir_then_write
  A: mkdir sub
  B: mkdir sub
  A: write sub/from-a.txt "a"
  B: write sub/from-b.txt "b"
  A: drain
  B: drain
  A: sync
  B: sync
  A: drain
  B: drain
--- tree A
  d sub/
  f sub/from-a.txt size=1 cached=0/1 uploaded=true etag=15da855801af627d
  f sub/from-b.txt size=1 cached=0/1 uploaded=true etag=6c25cc3db3ce7928
--- content A
  sub/from-a.txt = "a"
  sub/from-b.txt = "b"
--- pending A
--- tree B
  d sub/
  f sub/from-a.txt size=1 cached=0/1 uploaded=true etag=15da855801af627d
  f sub/from-b.txt size=1 cached=0/1 uploaded=true etag=6c25cc3db3ce7928
--- content B
  sub/from-a.txt = "a"
  sub/from-b.txt = "b"
--- pending B
--- backend
  chunk 575a0b1c44d8843f-99009138a3452320 size=1
  chunk e6c632b61e964e1f-d2f6d0996f37a720 size=1
  cursor = <entry-2>
  journal <entry-1> = mkdir sub/
  journal <entry-2> = mkdir sub/
  journal <entry-3> = put sub/from-a.txt 1
  journal <entry-4> = put sub/from-b.txt 1
  folder sub [.tsync-root/4f7b4244079f8bf6-67a7ed7af26470c3] -> 547c2ad623ddba3f
  file from-a.txt [547c2ad623ddba3f/3958c931de20fdc1-cf2927274a2ee417] = manifest size=1 chunks=1 h1=15da855801af627d h2=206c8135a9dd3b50
    chunk#0 e6c632b61e964e1f-d2f6d0996f37a720 size=1
  file from-b.txt [547c2ad623ddba3f/f87da0e66b299a40-05ed2ebb07efe2e0] = manifest size=1 chunks=1 h1=6c25cc3db3ce7928 h2=6816a4fbbf51c9a5
    chunk#0 575a0b1c44d8843f-99009138a3452320 size=1

=== concurrent_mkdir_then_rmdir
  A: mkdir sub
  A: drain
  B: mkdir sub
  B: drain
  A: sync
  B: sync
  A: rmdir sub
  A: drain
  B: sync
--- tree A
--- content A
--- pending A
--- tree B
--- content B
--- pending B
--- backend
  cursor = <entry-3>
  journal <entry-1> = mkdir sub/
  journal <entry-2> = mkdir sub/
  journal <entry-3> = rmdir sub/
  trash sub -> 547c2ad623ddba3f

=== concurrent_create
  A: write foo.txt "from A"
  A: drain
  B: write foo.txt "from client B"
  B: drain
  A: sync
--- tree A
  f foo.txt size=13 cached=0/1 uploaded=true etag=c5b6c5af6312a541
--- content A
  foo.txt = "from client B"
--- pending A
--- tree B
  f foo.txt size=13 cached=0/1 uploaded=true etag=c5b6c5af6312a541
--- content B
  foo.txt = "from client B"
--- pending B
--- backend
  chunk 09f85c812b60aedb-57817316f91d176e size=13
  chunk 2ddcd7df4a530027-b16926580286588d size=6
  journal <entry-1> = put foo.txt 6
  journal <entry-2> = put foo.txt 13
  file foo.txt [.tsync-root/b306717ed3feaa3f-615fce859cf8a12f] = manifest size=13 chunks=1 h1=c5b6c5af6312a541 h2=38e00a1744caa62f
    chunk#0 09f85c812b60aedb-57817316f91d176e size=13

=== open_file_guard
  B: write foo.txt "old content"
  B: drain
  A: write foo.txt "NEW CONTENT, MUCH LONGER"
  A: drain
  B: sync
  B: close foo.txt
--- tree A
  f foo.txt size=24 cached=0/1 uploaded=true etag=3058ab1111417f8b
--- content A
  foo.txt = "NEW CONTENT, MUCH LONGER"
--- pending A
--- tree B
  f foo.txt size=24 cached=0/1 uploaded=true etag=3058ab1111417f8b
--- content B
  foo.txt = "NEW CONTENT, MUCH LONGER"
--- pending B
--- backend
  chunk 28c76e4dce03a3c4-40c12ae687c32ec4 size=24
  chunk bad02738adfbeba0-e2449384da60a0ea size=11
  journal <entry-1> = put foo.txt 11
  journal <entry-2> = put foo.txt 24
  file foo.txt [.tsync-root/b306717ed3feaa3f-615fce859cf8a12f] = manifest size=24 chunks=1 h1=3058ab1111417f8b h2=480cc089205d7329
    chunk#0 28c76e4dce03a3c4-40c12ae687c32ec4 size=24

=== open_file_guard_closed
  B: write foo.txt "old content"
  B: drain
  A: write foo.txt "NEW CONTENT, MUCH LONGER"
  A: drain
  B: close foo.txt
  B: sync
--- tree A
  f foo.txt size=24 cached=0/1 uploaded=true etag=3058ab1111417f8b
--- content A
  foo.txt = "NEW CONTENT, MUCH LONGER"
--- pending A
--- tree B
  f foo.txt size=24 cached=0/1 uploaded=true etag=3058ab1111417f8b
--- content B
  foo.txt = "NEW CONTENT, MUCH LONGER"
--- pending B
--- backend
  chunk 28c76e4dce03a3c4-40c12ae687c32ec4 size=24
  chunk bad02738adfbeba0-e2449384da60a0ea size=11
  journal <entry-1> = put foo.txt 11
  journal <entry-2> = put foo.txt 24
  file foo.txt [.tsync-root/b306717ed3feaa3f-615fce859cf8a12f] = manifest size=24 chunks=1 h1=3058ab1111417f8b h2=480cc089205d7329
    chunk#0 28c76e4dce03a3c4-40c12ae687c32ec4 size=24

=== delete_rename_race
  A: write foo.txt "saved by rename"
  A: drain
  B: sync
  A: delete foo.txt
  A: drain
  B: rename foo.txt -> baz.txt
  B: sync
  A: sync
--- tree A
  f foo.txt size=-1 cached=0/0 uploaded=false etag=
--- content A
  foo.txt = ""
--- pending A
--- tree B
  f foo.txt size=-1 cached=0/0 uploaded=false etag=
--- content B
  foo.txt = ""
--- pending B
--- backend
  chunk 7927fec27038e81c-3a112440cfdf156a size=15
  cursor = <entry-3>
  journal <entry-1> = put foo.txt 15
  journal <entry-2> = delete foo.txt
  journal <entry-3> = put baz (conflicted copy from Client B).txt 15
  file foo.txt [.tsync-root/e51b88f287203f60-f8bc60cf0cdf7bd7] = manifest size=15 chunks=1 h1=9b04768ee1894e33 h2=8e5adcba13d0b05c
    chunk#0 7927fec27038e81c-3a112440cfdf156a size=15

=== rename_rename_race
  A: write foo.txt "conflict content"
  A: drain
  B: sync
  A: rename foo.txt -> bar.txt
  A: drain
  B: rename foo.txt -> baz.txt
  B: sync
  A: sync
--- tree A
  f bar.txt size=16 cached=0/1 uploaded=true etag=1e569fd0dd003545
  f foo.txt size=-1 cached=0/0 uploaded=false etag=
--- content A
  bar.txt = "conflict content"
  foo.txt = ""
--- pending A
--- tree B
  f bar.txt size=16 cached=0/1 uploaded=true etag=1e569fd0dd003545
  f foo.txt size=-1 cached=0/0 uploaded=false etag=
--- content B
  bar.txt = "conflict content"
  foo.txt = ""
--- pending B
--- backend
  chunk 63867f7d13d542db-2d81578912f1ac43 size=16
  cursor = <entry-3>
  journal <entry-1> = put foo.txt 16
  journal <entry-2> = rename foo.txt -> bar.txt 16
  journal <entry-3> = put baz (conflicted copy from Client B).txt 16
  file bar.txt [.tsync-root/5dfde940d8f8f5f8-5b620c0acd6130ed] = manifest size=16 chunks=1 h1=1e569fd0dd003545 h2=3854f28a02fadbd7
    chunk#0 63867f7d13d542db-2d81578912f1ac43 size=16
  file foo.txt [.tsync-root/e51b88f287203f60-f8bc60cf0cdf7bd7] = manifest size=16 chunks=1 h1=1e569fd0dd003545 h2=3854f28a02fadbd7
    chunk#0 63867f7d13d542db-2d81578912f1ac43 size=16

=== crash_leaves_a_record
  A: stage-write foo.txt "written but not announced"
  A: crash-before-commit foo.txt
  B: sync
--- tree A
  f foo.txt size=25 cached=1/1 uploaded=true etag=1598b0980b85a4ef
--- content A
  foo.txt = "written but not announced"
--- pending A
  pending executed [put foo.txt 25]
--- tree B
--- content B
--- pending B
--- backend
  chunk 122bfe91acd98f69-bc6c6c3c246f7758 size=25
  file foo.txt [.tsync-root/b306717ed3feaa3f-615fce859cf8a12f] = manifest size=25 chunks=1 h1=1598b0980b85a4ef h2=22060f0758319965
    chunk#0 122bfe91acd98f69-bc6c6c3c246f7758 size=25

=== crash_before_commit
  A: stage-write foo.txt "written but not announced"
  A: crash-before-commit foo.txt
  B: sync
  A: recover-staged
  A: drain
  B: sync
--- tree A
  f foo.txt size=25 cached=1/1 uploaded=true etag=1598b0980b85a4ef
--- content A
  foo.txt = "written but not announced"
--- pending A
--- tree B
  f foo.txt size=25 cached=0/1 uploaded=true etag=1598b0980b85a4ef
--- content B
  foo.txt = "written but not announced"
--- pending B
--- backend
  chunk 122bfe91acd98f69-bc6c6c3c246f7758 size=25
  cursor = <entry-1>
  journal <entry-1> = put foo.txt 25
  file foo.txt [.tsync-root/b306717ed3feaa3f-615fce859cf8a12f] = manifest size=25 chunks=1 h1=1598b0980b85a4ef h2=22060f0758319965
    chunk#0 122bfe91acd98f69-bc6c6c3c246f7758 size=25

=== stale_record_discarded
  A: write kept.txt "kept"
  A: drain
  A: stale-record
  A: recover-staged
  A: drain
  B: sync
--- tree A
  f kept.txt size=4 cached=0/1 uploaded=true etag=d919e86de687ce50
--- content A
  kept.txt = "kept"
--- pending A
--- tree B
  f kept.txt size=4 cached=0/1 uploaded=true etag=d919e86de687ce50
--- content B
  kept.txt = "kept"
--- pending B
--- backend
  chunk 2fbef8c1952e19fd-2277f2bac962dc19 size=4
  journal <entry-1> = put kept.txt 4
  file kept.txt [.tsync-root/2af84fa98a68a9b1-19465e194feef43e] = manifest size=4 chunks=1 h1=d919e86de687ce50 h2=05cef325b63712c0
    chunk#0 2fbef8c1952e19fd-2277f2bac962dc19 size=4

