cold                         present=false gets=0 in_flight=0
after 2 concurrent ensures   present=true  gets=1 in_flight=0
cached read                  body="first chunk body" gets=1
layout                       testdom/chunks/ab/abbd5be7f7f1ea08-164c4bd493e0e119
read after eviction          body="first chunk body" gets=2
forced refetch               present=true  gets=3 in_flight=0
second key                   body="second"           gets=1
layout                       testdom/chunks/3d/3daa2a13ce7216c7-a62bfe2b997ff6a9
trio cold                    present=false gets=0 in_flight=0
trio member 0                body="AAAA"             gets=3
trio fetch concurrency       one_get_not_three=true
layout                       testdom/chunks/f2/f2816b06404b734b-effdaa3fc72ceaa1
trio body                    bytes=10 members=3
trio member 1 (cached)       body="BBBB"             gets=3
trio member 2 (cached)       body="CC"               gets=3
trio offsets                 off0=0 off1=4 off2=8
trio member 1 at +2          body="BB"
trio in another file         same_key=true
missing chunk                Backend.Backend_error("no such chunk: 8f2a5dd2e287e4d1-2661a4d28dde64aa") in_flight=0
verify intact group          ok=true
verify corrupt member        ok=false present=false
uncapped                     chunks=2 bytes=22 first=true  second=true
cap=none (no-op)             chunks=2 bytes=22 first=true  second=true
cap=20 (drops coldest)       chunks=1 bytes= 6 first=false second=true
refetch after cap            body="first chunk body" gets=4
cap=0 (drops all)            chunks=0 bytes= 0 first=false second=false
