=== resync-remote in sync
  write file.bin "hello world"
  drain
  resync-remote
  resync backend #2: 3 checked, 0 copied
--- tree
  f file.bin size=11 cached=true uploaded=true etag=6e5ce0583b7dc258
--- content
  file.bin = "hello world"
--- backend
  chunk d447b1ea40e6988b-b7aeb52a10fdaf2d size=11
  journal <entry-1> = put file.bin 11
  file file.bin = manifest size=11 chunks=1 h1=6e5ce0583b7dc258 h2=c61b57eba7d06974
    chunk#0 d447b1ea40e6988b-b7aeb52a10fdaf2d size=11
--- backend 2
  chunk d447b1ea40e6988b-b7aeb52a10fdaf2d size=11
  journal <entry-1> = put file.bin 11
  file file.bin = manifest size=11 chunks=1 h1=6e5ce0583b7dc258 h2=c61b57eba7d06974
    chunk#0 d447b1ea40e6988b-b7aeb52a10fdaf2d size=11

=== resync-remote heals missing chunk on secondary
  write file.bin "hello world"
  drain
  on-secondary delete-remote-chunk file.bin #0
  resync-remote
  resync-remote
  copied tsync/.chunks/d447b1ea40e6988b-b7aeb52a10fdaf2d
  resync backend #2: 3 checked, 1 copied
  resync backend #2: 3 checked, 0 copied
--- tree
  f file.bin size=11 cached=true uploaded=true etag=6e5ce0583b7dc258
--- content
  file.bin = "hello world"
--- backend
  chunk d447b1ea40e6988b-b7aeb52a10fdaf2d size=11
  journal <entry-1> = put file.bin 11
  file file.bin = manifest size=11 chunks=1 h1=6e5ce0583b7dc258 h2=c61b57eba7d06974
    chunk#0 d447b1ea40e6988b-b7aeb52a10fdaf2d size=11
--- backend 2
  chunk d447b1ea40e6988b-b7aeb52a10fdaf2d size=11
  journal <entry-1> = put file.bin 11
  file file.bin = manifest size=11 chunks=1 h1=6e5ce0583b7dc258 h2=c61b57eba7d06974
    chunk#0 d447b1ea40e6988b-b7aeb52a10fdaf2d size=11

=== resync-remote heals corrupt chunk on secondary
  write file.bin "hello world"
  drain
  on-secondary corrupt-remote-chunk file.bin #0
  resync-remote
  copied tsync/.chunks/d447b1ea40e6988b-b7aeb52a10fdaf2d
  resync backend #2: 3 checked, 1 copied
--- tree
  f file.bin size=11 cached=true uploaded=true etag=6e5ce0583b7dc258
--- content
  file.bin = "hello world"
--- backend
  chunk d447b1ea40e6988b-b7aeb52a10fdaf2d size=11
  journal <entry-1> = put file.bin 11
  file file.bin = manifest size=11 chunks=1 h1=6e5ce0583b7dc258 h2=c61b57eba7d06974
    chunk#0 d447b1ea40e6988b-b7aeb52a10fdaf2d size=11
--- backend 2
  chunk d447b1ea40e6988b-b7aeb52a10fdaf2d size=11
  journal <entry-1> = put file.bin 11
  file file.bin = manifest size=11 chunks=1 h1=6e5ce0583b7dc258 h2=c61b57eba7d06974
    chunk#0 d447b1ea40e6988b-b7aeb52a10fdaf2d size=11

=== resync-remote heals missing manifest on secondary
  write file.bin "hello world"
  drain
  on-secondary delete-remote-manifest file.bin
  resync-remote
  copied tsync/test/file.bin
  resync backend #2: 3 checked, 1 copied
--- tree
  f file.bin size=11 cached=true uploaded=true etag=6e5ce0583b7dc258
--- content
  file.bin = "hello world"
--- backend
  chunk d447b1ea40e6988b-b7aeb52a10fdaf2d size=11
  journal <entry-1> = put file.bin 11
  file file.bin = manifest size=11 chunks=1 h1=6e5ce0583b7dc258 h2=c61b57eba7d06974
    chunk#0 d447b1ea40e6988b-b7aeb52a10fdaf2d size=11
--- backend 2
  chunk d447b1ea40e6988b-b7aeb52a10fdaf2d size=11
  journal <entry-1> = put file.bin 11
  file file.bin = manifest size=11 chunks=1 h1=6e5ce0583b7dc258 h2=c61b57eba7d06974
    chunk#0 d447b1ea40e6988b-b7aeb52a10fdaf2d size=11

=== resync-remote heals mixed tree on secondary
  write ok.bin "fine"
  drain
  mkdir sub
  write sub/nested.bin "nested"
  drain
  on-secondary delete-remote-chunk ok.bin #0
  on-secondary delete-remote-manifest sub/nested.bin
  resync-remote
  copied tsync/.chunks/002783db772ad77d-0760f49141bb4bb5
  copied tsync/test/sub/nested.bin
  resync backend #2: 8 checked, 2 copied
--- tree
  f ok.bin size=4 cached=true uploaded=true etag=19e317dcfeb5674a
  d sub/
  f sub/nested.bin size=6 cached=true uploaded=true etag=872c93b4f32e2aaa
--- content
  ok.bin = "fine"
  sub/nested.bin = "nested"
--- backend
  chunk 002783db772ad77d-0760f49141bb4bb5 size=4
  chunk fa87ee5fc199e332-c7156c4359a54f81 size=6
  cursor = <entry-2>
  journal <entry-1> = put ok.bin 4
  journal <entry-2> = mkdir sub/
  journal <entry-3> = put sub/nested.bin 6
  file ok.bin = manifest size=4 chunks=1 h1=19e317dcfeb5674a h2=5e0089443c8f398f
    chunk#0 002783db772ad77d-0760f49141bb4bb5 size=4
  file sub/nested.bin = manifest size=6 chunks=1 h1=872c93b4f32e2aaa h2=89f7ae7aa4f590d6
    chunk#0 fa87ee5fc199e332-c7156c4359a54f81 size=6
--- backend 2
  chunk 002783db772ad77d-0760f49141bb4bb5 size=4
  chunk fa87ee5fc199e332-c7156c4359a54f81 size=6
  cursor = <entry-2>
  journal <entry-1> = put ok.bin 4
  journal <entry-2> = mkdir sub/
  journal <entry-3> = put sub/nested.bin 6
  file ok.bin = manifest size=4 chunks=1 h1=19e317dcfeb5674a h2=5e0089443c8f398f
    chunk#0 002783db772ad77d-0760f49141bb4bb5 size=4
  file sub/nested.bin = manifest size=6 chunks=1 h1=872c93b4f32e2aaa h2=89f7ae7aa4f590d6
    chunk#0 fa87ee5fc199e332-c7156c4359a54f81 size=6

