
=== a rename moves the marker and nothing else
  root before: d=<folder-1>
  rename d -> d2: succeeded
  root after: d2=<folder-1>
it went through: ok
one marker, under the new name, same id: ok
the mirror agrees: ok
  anchor of <folder-1>: in .tsync-root as d2
and the anchor names the new place: ok

=== a delete that removes nothing leaves a marker no reader believes
  rename d2 -> d3: succeeded
  root after: d2=<folder-1>, d3=<folder-1>
it went through: ok
both markers are on the store: ok
  anchor of <folder-1>: in .tsync-root as d3
the anchor names the new one: ok
  the store lists: d3
and a reader sees the folder once, at the new name: ok

=== a parent this client holds no id for is not renamed from
  rename p/child -> orphan: refused (Backend.Backend_error("tsync/testdom/manifests/p/child: this client holds no id for the folder it is in; run 'tsync sync' first"))
it was refused: ok
and nothing moved locally: ok
the child is still where it was: ok

=== a folder retired is anchored to the trash first
  rmdir d2: succeeded
  root after: p=<folder-2>
it went through: ok
the marker is gone from the root: ok
  anchor of <folder-1>: in .tsync-trash as d2
and the anchor names the trash: ok

=== a peer's rename onto a folder of ours moves ours aside
  root before: p=<folder-2>, x=<folder-3>, y=<folder-4>
  apply the peer's rename x -> y: succeeded
  local: p, y, y (conflicted copy from test)
  root after: p=<folder-2>, x=<folder-3>, y=<folder-3>, y (conflicted copy from test)=<folder-4>
it applied: ok
the peer's folder has the name: ok
ours is published under a name of its own: ok

=== a second conflict on one name finds a name of its own
  root before: p=<folder-2>, w=<folder-5>, x=<folder-3>, y=<folder-3>, y (conflicted copy from test)=<folder-4>
  apply the peer's rename w -> y: succeeded
  local: p, y, y (conflicted copy 2 from test), y (conflicted copy from test)
  root after: p=<folder-2>, w=<folder-5>, x=<folder-3>, y=<folder-5>, y (conflicted copy 2 from test)=<folder-3>, y (conflicted copy from test)=<folder-4>
it applied: ok
the earlier copy is left where it was: ok
and the folder it displaced takes a name of its own: ok

=== a peer's rename onto the same folder retires the stale source
  apply the peer's rename s -> t: succeeded
  local: p, s (conflicted copy from test), t, y, y (conflicted copy 2 from test), y (conflicted copy from test)
it applied: ok
the folder keeps its id at the destination: ok
the stale source kept its content under a name holding no id: ok
the id names the destination: ok
and names nothing under the copy's path, even for a removal: ok
  root after: p=<folder-2>, s=<folder-6>, w=<folder-5>, x=<folder-3>, y=<folder-5>, y (conflicted copy 2 from test)=<folder-3>, y (conflicted copy from test)=<folder-4>
the store is not told: ok

=== a marker a same-parent rename left behind lends no id
  anchor of <folder-6>: in .tsync-root as s
the folder is anchored under the root: ok
  apply a peer's mkdir stale, carrying no id: succeeded
  id at stale: none
it applied: ok
the folder takes no id from the stale marker: ok

=== a peer's folder op leaves alone a folder holding another id
  apply a peer's rename m -> m2 and rmdir m, of another folder: succeeded
it applied: ok
ours is where it was, with its id: ok

=== a peer's mkdir onto a folder of ours moves ours aside
  apply a peer's mkdir m: succeeded
  local m: <folder-8>, copy: <folder-7>
  root after: m (conflicted copy from test)=<folder-7>, p=<folder-2>, s=<folder-6>, stale=<folder-6>, w=<folder-5>, x=<folder-3>, y=<folder-5>, y (conflicted copy 2 from test)=<folder-3>, y (conflicted copy from test)=<folder-4>
it applied: ok
the peer's folder has the name and its id: ok
ours keeps its id under a name of its own: ok
and the store is told ours moved: ok

=== a peer's mkdir of a folder that lives here under another name
  apply a peer's mkdir gone, naming ours: succeeded
it applied: ok
nothing is created, and the id still names ours: ok

37 check(s), 0 failure(s)
