=== a range is served without materializing the file
  write big.txt "0123456789ABCDEFghijklmn"
  drain
  evict big.txt
  chunks big.txt
  fetch-range big.txt [8,16)
  chunks big.txt
  chunks big.txt published size=24 chunks=3 cached=0/3
  fetch-range big.txt [8,16) served=8 file-size=16 = "89ABCDEF"
  chunks big.txt published size=24 chunks=3 cached=1/3
--- tree
  f big.txt size=24 cached=1/3 uploaded=true etag=1294bbe85c2f380b
--- content
  big.txt = "0123456789ABCDEFghijklmn"
--- backend
  chunk 1808e40d6723f646-e7bf74a2eb7a5a23 size=8
  chunk 1ba95805d6ae106a-87537fcfd250fddb size=8
  chunk b759bff1a75c54a7-53cd28ced10cf0e3 size=8
  cursor = <entry-1>
  journal <entry-1> = put big.txt 24
  file big.txt [.tsync-root/04e776271d85dfc0-0127ed186e2930a6] = manifest size=24 chunks=3 h1=1294bbe85c2f380b h2=4db8b5a354576e8e
    chunk#0 1808e40d6723f646-e7bf74a2eb7a5a23 size=8
    chunk#1 b759bff1a75c54a7-53cd28ced10cf0e3 size=8
    chunk#2 1ba95805d6ae106a-87537fcfd250fddb size=8

=== ranges covering the file reassemble it
  write cover.txt "0123456789ABCDEFghijklmn"
  drain
  evict cover.txt
  fetch-range cover.txt [0,8)
  fetch-range cover.txt [8,16)
  fetch-range cover.txt [16,24)
  chunks cover.txt
  fetch-range cover.txt [0,8) served=8 file-size=8 = "01234567"
  fetch-range cover.txt [8,16) served=8 file-size=16 = "89ABCDEF"
  fetch-range cover.txt [16,24) served=8 file-size=24 = "ghijklmn"
  chunks cover.txt published size=24 chunks=3 cached=3/3
--- tree
  f cover.txt size=24 cached=3/3 uploaded=true etag=1294bbe85c2f380b
--- content
  cover.txt = "0123456789ABCDEFghijklmn"
--- backend
  chunk 1808e40d6723f646-e7bf74a2eb7a5a23 size=8
  chunk 1ba95805d6ae106a-87537fcfd250fddb size=8
  chunk b759bff1a75c54a7-53cd28ced10cf0e3 size=8
  cursor = <entry-1>
  journal <entry-1> = put cover.txt 24
  file cover.txt [.tsync-root/1a3e675dae8f22c9-023c1a35b0ecd352] = manifest size=24 chunks=3 h1=1294bbe85c2f380b h2=4db8b5a354576e8e
    chunk#0 1808e40d6723f646-e7bf74a2eb7a5a23 size=8
    chunk#1 b759bff1a75c54a7-53cd28ced10cf0e3 size=8
    chunk#2 1ba95805d6ae106a-87537fcfd250fddb size=8

=== a range straddling the end is served short, not padded
  write tail.txt "0123456789ABCDEFghijklmn"
  drain
  evict tail.txt
  fetch-range tail.txt [16,32)
  fetch-range tail.txt [64,72)
  chunks tail.txt
  fetch-range tail.txt [16,32) served=8 file-size=24 = "ghijklmn"
  fetch-range tail.txt [64,72) served=0 file-size=0 = ""
  chunks tail.txt published size=24 chunks=3 cached=1/3
--- tree
  f tail.txt size=24 cached=1/3 uploaded=true etag=1294bbe85c2f380b
--- content
  tail.txt = "0123456789ABCDEFghijklmn"
--- backend
  chunk 1808e40d6723f646-e7bf74a2eb7a5a23 size=8
  chunk 1ba95805d6ae106a-87537fcfd250fddb size=8
  chunk b759bff1a75c54a7-53cd28ced10cf0e3 size=8
  cursor = <entry-1>
  journal <entry-1> = put tail.txt 24
  file tail.txt [.tsync-root/2eaea5d53a840305-e3205d6d2424d9db] = manifest size=24 chunks=3 h1=1294bbe85c2f380b h2=4db8b5a354576e8e
    chunk#0 1808e40d6723f646-e7bf74a2eb7a5a23 size=8
    chunk#1 b759bff1a75c54a7-53cd28ced10cf0e3 size=8
    chunk#2 1ba95805d6ae106a-87537fcfd250fddb size=8

=== a range spanning several chunks fetches each of them
  write span.txt "0123456789ABCDEFghijklmn"
  drain
  evict span.txt
  fetch-range span.txt [4,16)
  chunks span.txt
  fetch-range span.txt [4,16) served=12 file-size=16 = "456789ABCDEF"
  chunks span.txt published size=24 chunks=3 cached=1/3
--- tree
  f span.txt size=24 cached=1/3 uploaded=true etag=1294bbe85c2f380b
--- content
  span.txt = "0123456789ABCDEFghijklmn"
--- backend
  chunk 1808e40d6723f646-e7bf74a2eb7a5a23 size=8
  chunk 1ba95805d6ae106a-87537fcfd250fddb size=8
  chunk b759bff1a75c54a7-53cd28ced10cf0e3 size=8
  cursor = <entry-1>
  journal <entry-1> = put span.txt 24
  file span.txt [.tsync-root/2cc860e1ece8e534-e495d528774c098c] = manifest size=24 chunks=3 h1=1294bbe85c2f380b h2=4db8b5a354576e8e
    chunk#0 1808e40d6723f646-e7bf74a2eb7a5a23 size=8
    chunk#1 b759bff1a75c54a7-53cd28ced10cf0e3 size=8
    chunk#2 1ba95805d6ae106a-87537fcfd250fddb size=8

=== unsynced edits are visible to a range read
  write edit.txt "0123456789ABCDEFghijklmn"
  drain
  evict edit.txt
  write-at edit.txt @8 "XXXXXXXX"
  fetch-range edit.txt [8,16)
  chunks edit.txt
  fetch-range edit.txt [8,16) served=8 file-size=16 = "XXXXXXXX"
  chunks edit.txt staged size=24 slots=[ISI] cached=1/3
--- tree
  f edit.txt size=24 cached=1/3 uploaded=false etag=
--- content
  edit.txt = "01234567XXXXXXXXghijklmn"
--- backend
  chunk 1808e40d6723f646-e7bf74a2eb7a5a23 size=8
  chunk 1ba95805d6ae106a-87537fcfd250fddb size=8
  chunk b759bff1a75c54a7-53cd28ced10cf0e3 size=8
  cursor = <entry-1>
  journal <entry-1> = put edit.txt 24
  file edit.txt [.tsync-root/997b913b09e424ad-cd66dfb8418deaa0] = manifest size=24 chunks=3 h1=1294bbe85c2f380b h2=4db8b5a354576e8e
    chunk#0 1808e40d6723f646-e7bf74a2eb7a5a23 size=8
    chunk#1 b759bff1a75c54a7-53cd28ced10cf0e3 size=8
    chunk#2 1ba95805d6ae106a-87537fcfd250fddb size=8

=== a hole from a grow reads as zeros
  write grow.txt "01234567"
  drain
  truncate grow.txt 24
  fetch-range grow.txt [8,24)
  chunks grow.txt
  fetch-range grow.txt [8,24) served=16 file-size=24 = "\000\000\000\000\000\000\000\000\000\000\000\000\000\000\000\000"
  chunks grow.txt staged size=24 slots=[IZZ] cached=2/3
--- tree
  f grow.txt size=24 cached=2/3 uploaded=false etag=
--- content
  grow.txt = "01234567\000\000\000\000\000\000\000\000\000\000\000\000\000\000\000\000"
--- backend
  chunk 1808e40d6723f646-e7bf74a2eb7a5a23 size=8
  cursor = <entry-1>
  journal <entry-1> = put grow.txt 8
  file grow.txt [.tsync-root/4b4935f2bac532c5-7041cc2cafde9c73] = manifest size=8 chunks=1 h1=e9ca20cb6c2712df h2=d5a10ca81bb5d659
    chunk#0 1808e40d6723f646-e7bf74a2eb7a5a23 size=8

