
=== opening, with 12 namespaces to do
  listings of the store during start: 0
    (the work is found by reading two directories, so this is 0 however
     many namespaces there are; enumerating up front would make it 12)
  namespaces to mark: 12

=== marking, one unit at a time
  listings for one namespace: 1
  chunks asked about before being promoted: 0
  cursors saved while marking 4 namespace(s): 4

=== resuming does not re-find the work
  listings during a resume's start: 0
  namespaces left: 7

=== closing asks the copies nothing
  shards to close: 12 of a possible 4096
  shards closed before stopping: 4
  listings of the main while closing 4 shard(s): 8
  listings of the replica while closing 4 shard(s): 0
  phase on resume: closing
  shards left to close: 8  <- the first 4 are not redone

=== finishing
  reclaimed 0 chunk(s)
  chunks still on the main: 12 of 12
  chunks on the replica: 0  <- a collection never fills one

=== an interrupted abandonment stays an abandonment
  started collecting, phase: marking
  planted a write in flight in each of 12 shard(s)
  planted 5 chunk(s) only the old space has, in a shard the new one holds
  changed our mind, phase: abandoning
  resumed with a plain start, phase: abandoning  <- not "marking"
  finished abandoning: 11 chunk(s) kept
  listings of the replica during the abandonment: 0
  chunks still on the main: 17 of 12
  writes in flight carried along by a renamed shard: 12 of 12
  chunks only the old space had, now in the new one: 5 of 5

=== many roots promoting at once, with fewer slots than roots
  collected 8 root(s) of 8 chunk(s) each with 2 slots
  chunks on the main: 76 of 76

=== shards the cursor skipped are swept up, chunks and all
  kept while sweeping: 76 chunk(s)
  chunks on the main afterwards: 76 of 76
  collection closed: true

=== collecting asks the filesystem for nothing but rename
  calls to Backend.copy across every run above: 0

=== the copies were told nothing about the collection
  run markers written to the replica: 0
  replica holds a run marker afterwards: false
