
=== opening, with 12 namespaces to do
  listings of the store during start: 0
    (the work is found by reading two directories, so this is 0 however
     many namespaces there are; enumerating up front would make it 12)
  namespaces to mark: 12

=== marking, one unit at a time
  listings for one namespace: 1

=== resuming does not re-find the work
  listings during a resume's start: 0
  namespaces left: 11

=== reconciling picks up where it stopped
  shards reconciled before stopping: 4
  phase on resume: reconciling
  shards left to reconcile: 4092 of 4096  <- the first 4 are not redone

=== finishing
  reclaimed 0 chunk(s)
  chunks still on the main: 12 of 12
  chunks on the replica: 12 of 12

=== an interrupted abandonment stays an abandonment
  started collecting, phase: marking
  planted a write in flight in each of 12 shard(s)
  planted a chunk only the old space has, in a shard the new one holds
  changed our mind, phase: abandoning
  resumed with a plain start, phase: abandoning  <- not "marking"
  finished abandoning: 11 chunk(s) kept
  listings of the replica during the abandonment: 0
  chunks still on the main: 13 of 12
  writes in flight carried along by a renamed shard: 11
  the chunk only the old space had was moved across: true

=== many shards uploading at once, with fewer slots than shards
  emptied the replica, refilled it with 2 slots and 12 shards
  chunks back on the replica: 12 of 12

=== the copies were told nothing about the collection
  run markers written to the replica: 0
  replica holds a run marker afterwards: false
