=== expire all: old version dropped, its chunk left behind
  write foo.txt "one"
  drain
  write foo.txt "two two"
  drain
  expire all
  expire all -> 1 version(s), 1 journal entr(ies)
--- tree
  f foo.txt size=7 cached=0/1 uploaded=true etag=46316ec1c85082b9
--- content
  foo.txt = "two two"
--- backend
  chunk 3ab8997bc73098ac-74d584d55f333769 size=7
  chunk 911faba7321fe1a0-a3cf92cbf55153da size=3
  cursor = <entry-1>
  journal <entry-1> = put foo.txt 7
  file foo.txt [.tsync-root/b306717ed3feaa3f-615fce859cf8a12f] = manifest size=7 chunks=1 h1=46316ec1c85082b9 h2=8f37316767529460
    chunk#0 3ab8997bc73098ac-74d584d55f333769 size=7

=== expire all: deleted file dropped, chunk left behind
  write foo.txt "gone soon"
  drain
  delete foo.txt
  drain
  expire all
  expire all -> 1 version(s), 1 journal entr(ies)
--- tree
--- content
--- backend
  chunk 56194c57c0bcf47e-5602995ae585dc6a size=9
  cursor = <entry-1>
  journal <entry-1> = delete foo.txt

=== expire at a cutoff: older version dropped, newer kept
  write foo.txt "one"
  drain
  write foo.txt "two two"
  drain
  mark
  drain
  write foo.txt "three three three"
  drain
  expire mark
  expire mark -> 1 version(s), 2 journal entr(ies)
--- tree
  f foo.txt size=17 cached=0/1 uploaded=true etag=bc4fe9e67f44fd6f
--- content
  foo.txt = "three three three"
--- backend
  chunk 3ab8997bc73098ac-74d584d55f333769 size=7
  chunk 911faba7321fe1a0-a3cf92cbf55153da size=3
  chunk faf60158c5948cd2-60f690e9588d51bd size=17
  cursor = <entry-1>
  journal <entry-1> = put foo.txt 17
  file foo.txt [.tsync-root/b306717ed3feaa3f-615fce859cf8a12f] = manifest size=17 chunks=1 h1=bc4fe9e67f44fd6f h2=6fd12d97f02740c8
    chunk#0 faf60158c5948cd2-60f690e9588d51bd size=17
  version foo.txt [.tsync-root/b306717ed3feaa3f-615fce859cf8a12f]#1 = manifest size=7 chunks=1

=== expire all: trashed folder dropped, chunk left behind
  mkdir d
  drain
  write d/a.txt "trash me"
  drain
  rmdir d
  drain
  expire all
  expire all -> 0 version(s), 2 journal entr(ies)
--- tree
--- content
--- backend
  chunk 5e4c66b9cb232332-2fc4674f963b00e3 size=8
  cursor = <entry-1>
  journal <entry-1> = rmdir d/

=== expire all: trashed folder emptied first
  mkdir d
  drain
  write d/a.txt "gone before the folder"
  drain
  delete d/a.txt
  drain
  rmdir d
  drain
  expire all
  expire all -> 1 version(s), 3 journal entr(ies)
--- tree
--- content
--- backend
  chunk 6e60aa731ca17a23-98d370f11239d9ba size=22
  cursor = <entry-1>
  journal <entry-1> = rmdir d/

=== purge drops one trashed folder that expire none leaves
  mkdir d
  drain
  write d/a.txt "purge me"
  drain
  write keep.txt "not this one"
  drain
  rmdir d
  drain
  expire none
  trash --purge d
  expire none -> 0 version(s), 0 journal entr(ies)
  purge d -> 2 object(s)
--- tree
  f keep.txt size=12 cached=0/1 uploaded=true etag=b500d7bf771db830
--- content
  keep.txt = "not this one"
--- backend
  chunk 78bdd50ffdb89f28-110ae84095eebccf size=12
  chunk cdaea9710618f57b-fe488feaf159bf3d size=8
  cursor = <entry-4>
  journal <entry-1> = mkdir d/
  journal <entry-2> = put d/a.txt 8
  journal <entry-3> = put keep.txt 12
  journal <entry-4> = rmdir d/
  file keep.txt [.tsync-root/18954525e207201b-dcfdae3db302a2bd] = manifest size=12 chunks=1 h1=b500d7bf771db830 h2=c49c64b6f769cf41
    chunk#0 78bdd50ffdb89f28-110ae84095eebccf size=12

=== purge of an untrashed path is refused
  write keep.txt "still here"
  drain
  trash --purge never-trashed
  purge never-trashed -> not in trash
--- tree
  f keep.txt size=10 cached=0/1 uploaded=true etag=865fa1ed62985da6
--- content
  keep.txt = "still here"
--- backend
  chunk 999b4f949ab5a43d-7058a91e43596e2e size=10
  cursor = <entry-1>
  journal <entry-1> = put keep.txt 10
  file keep.txt [.tsync-root/18954525e207201b-dcfdae3db302a2bd] = manifest size=10 chunks=1 h1=865fa1ed62985da6 h2=ebd72358b57d9f23
    chunk#0 999b4f949ab5a43d-7058a91e43596e2e size=10

=== expire none: nothing removed
  write foo.txt "one"
  drain
  write foo.txt "two two"
  drain
  expire none
  expire none -> 0 version(s), 0 journal entr(ies)
--- tree
  f foo.txt size=7 cached=0/1 uploaded=true etag=46316ec1c85082b9
--- content
  foo.txt = "two two"
--- backend
  chunk 3ab8997bc73098ac-74d584d55f333769 size=7
  chunk 911faba7321fe1a0-a3cf92cbf55153da size=3
  cursor = <entry-2>
  journal <entry-1> = put foo.txt 3
  journal <entry-2> = put foo.txt 7
  file foo.txt [.tsync-root/b306717ed3feaa3f-615fce859cf8a12f] = manifest size=7 chunks=1 h1=46316ec1c85082b9 h2=8f37316767529460
    chunk#0 3ab8997bc73098ac-74d584d55f333769 size=7
  version foo.txt [.tsync-root/b306717ed3feaa3f-615fce859cf8a12f]#1 = manifest size=3 chunks=1

