=== the sweep drops the coldest bodies; a re-read fetches them back
  write a.txt "aaaaaaaa"
  drain
  write b.txt "bbbbbbbb"
  drain
  write c.txt "cccccccc"
  drain
  evict a.txt
  evict b.txt
  evict c.txt
  read a.txt [0,8)
  drain
  read b.txt [0,8)
  drain
  read c.txt [0,8)
  drain
  chunk-cache
  enforce-cache
  chunk-cache
  chunks a.txt
  chunks b.txt
  chunks c.txt
  read a.txt [0,8)
  chunks a.txt
  read a.txt [0,8) = "aaaaaaaa"
  read b.txt [0,8) = "bbbbbbbb"
  read c.txt [0,8) = "cccccccc"
  chunk-cache chunks=3 bytes=24
  chunk-cache chunks=1 bytes=8
  chunks a.txt published size=8 chunks=1 cached=0/1
  chunks b.txt published size=8 chunks=1 cached=0/1
  chunks c.txt published size=8 chunks=1 cached=1/1
  read a.txt [0,8) = "aaaaaaaa"
  chunks a.txt published size=8 chunks=1 cached=1/1
--- tree
  f a.txt size=8 cached=1/1 uploaded=true etag=205e7be268ad065e
  f b.txt size=8 cached=0/1 uploaded=true etag=db1d8119cefb55ab
  f c.txt size=8 cached=1/1 uploaded=true etag=ff0ff71dfd4db29f
--- content
  a.txt = "aaaaaaaa"
  b.txt = "bbbbbbbb"
  c.txt = "cccccccc"
--- backend
  chunk 1cfa5c47cb2f402e-c44f3339ad38b68a size=8
  chunk 304cf5ff4443b25a-986de89e32d20631 size=8
  chunk c9dbc05573cd5d9a-1ae64e03afa5a78e size=8
  cursor = <entry-3>
  journal <entry-1> = put a.txt 8
  journal <entry-2> = put b.txt 8
  journal <entry-3> = put c.txt 8
  file b.txt [.tsync-root/3c697ec236bbf61f-698ad1290042cc94] = manifest size=8 chunks=1 h1=db1d8119cefb55ab h2=e9cd1e679cac768f
    chunk#0 304cf5ff4443b25a-986de89e32d20631 size=8
  file c.txt [.tsync-root/d6d50f267ed1aabb-7fe71c7d92c1e0c0] = manifest size=8 chunks=1 h1=ff0ff71dfd4db29f h2=4b8d54729e60e85b
    chunk#0 1cfa5c47cb2f402e-c44f3339ad38b68a size=8
  file a.txt [.tsync-root/f01e5cbbc09d4fc4-9a0fcd66f030de75] = manifest size=8 chunks=1 h1=205e7be268ad065e h2=d54b96d6efd47935
    chunk#0 c9dbc05573cd5d9a-1ae64e03afa5a78e size=8

=== a staged file's bodies are never dropped
  write x.txt "xxxxxxxx"
  drain
  evict x.txt
  read x.txt [0,8)
  drain
  stage-write z.txt "zzzzzzzz"
  enforce-cache
  chunks x.txt
  chunks z.txt
  read z.txt [0,8)
  read x.txt [0,8) = "xxxxxxxx"
  chunks x.txt published size=8 chunks=1 cached=1/1
  chunks z.txt staged size=8 slots=[S] cached=1/1
  read z.txt [0,8) = "zzzzzzzz"
--- tree
  f x.txt size=8 cached=1/1 uploaded=true etag=c000da6ed59e60d5
  f z.txt size=8 cached=1/1 uploaded=false etag=
--- content
  x.txt = "xxxxxxxx"
  z.txt = "zzzzzzzz"
--- backend
  chunk 4267e87c9cb0bc97-3ffc27d07b585304 size=8
  cursor = <entry-1>
  journal <entry-1> = put x.txt 8
  file x.txt [.tsync-root/fecd6e94d21b3dc7-d6d12967f4c00d3d] = manifest size=8 chunks=1 h1=c000da6ed59e60d5 h2=f16a0981a4898b6a
    chunk#0 4267e87c9cb0bc97-3ffc27d07b585304 size=8

=== the count follows what lands in the store, without walking it
  chunk-cache
  write a.txt "aaaaaaaa"
  drain
  evict a.txt
  chunk-cache
  read a.txt [0,8)
  drain
  chunk-cache
  evict a.txt
  chunk-cache
  chunk-cache chunks=0 bytes=0
  chunk-cache chunks=0 bytes=0
  read a.txt [0,8) = "aaaaaaaa"
  chunk-cache chunks=1 bytes=8
  chunk-cache chunks=0 bytes=0
--- tree
  f a.txt size=8 cached=0/1 uploaded=true etag=205e7be268ad065e
--- content
  a.txt = "aaaaaaaa"
--- backend
  chunk c9dbc05573cd5d9a-1ae64e03afa5a78e size=8
  cursor = <entry-1>
  journal <entry-1> = put a.txt 8
  file a.txt [.tsync-root/f01e5cbbc09d4fc4-9a0fcd66f030de75] = manifest size=8 chunks=1 h1=205e7be268ad065e h2=d54b96d6efd47935
    chunk#0 c9dbc05573cd5d9a-1ae64e03afa5a78e size=8

