=== mirror in sync
  write file.bin "hello world"
  drain
  mirror
  resync backend #2: 3 checked, 0 copied
--- tree
  f file.bin size=11 cached=0/1 uploaded=true etag=d94b4e9626fdc9c1
--- content
  file.bin = "hello world"
--- backend
  chunk d447b1ea40e6988b-b7aeb52a10fdaf2d size=11
  journal <entry-1> = put file.bin 11
  file file.bin [.tsync-root/5364ca580b2eed57-b0140ab2eda14287] = manifest size=11 chunks=1 h1=d94b4e9626fdc9c1 h2=f3f6d793ca1ea424
    chunk#0 d447b1ea40e6988b-b7aeb52a10fdaf2d size=11
--- backend 2
  chunk d447b1ea40e6988b-b7aeb52a10fdaf2d size=11
  journal <entry-1> = put file.bin 11
  file file.bin [.tsync-root/5364ca580b2eed57-b0140ab2eda14287] = manifest size=11 chunks=1 h1=d94b4e9626fdc9c1 h2=f3f6d793ca1ea424
    chunk#0 d447b1ea40e6988b-b7aeb52a10fdaf2d size=11

=== mirror heals missing chunk on secondary
  write file.bin "hello world"
  drain
  on-secondary delete-remote-chunk file.bin #0
  mirror
  mirror
  resync backend #2: 3 checked, 1 copied
  resync backend #2: 3 checked, 0 copied
--- tree
  f file.bin size=11 cached=0/1 uploaded=true etag=d94b4e9626fdc9c1
--- content
  file.bin = "hello world"
--- backend
  chunk d447b1ea40e6988b-b7aeb52a10fdaf2d size=11
  journal <entry-1> = put file.bin 11
  file file.bin [.tsync-root/5364ca580b2eed57-b0140ab2eda14287] = manifest size=11 chunks=1 h1=d94b4e9626fdc9c1 h2=f3f6d793ca1ea424
    chunk#0 d447b1ea40e6988b-b7aeb52a10fdaf2d size=11
--- backend 2
  chunk d447b1ea40e6988b-b7aeb52a10fdaf2d size=11
  journal <entry-1> = put file.bin 11
  file file.bin [.tsync-root/5364ca580b2eed57-b0140ab2eda14287] = manifest size=11 chunks=1 h1=d94b4e9626fdc9c1 h2=f3f6d793ca1ea424
    chunk#0 d447b1ea40e6988b-b7aeb52a10fdaf2d size=11

=== mirror heals corrupt chunk on secondary
  write file.bin "hello world"
  drain
  on-secondary corrupt-remote-chunk file.bin #0
  mirror
  resync backend #2: 3 checked, 1 copied
--- tree
  f file.bin size=11 cached=0/1 uploaded=true etag=d94b4e9626fdc9c1
--- content
  file.bin = "hello world"
--- backend
  chunk d447b1ea40e6988b-b7aeb52a10fdaf2d size=11
  journal <entry-1> = put file.bin 11
  file file.bin [.tsync-root/5364ca580b2eed57-b0140ab2eda14287] = manifest size=11 chunks=1 h1=d94b4e9626fdc9c1 h2=f3f6d793ca1ea424
    chunk#0 d447b1ea40e6988b-b7aeb52a10fdaf2d size=11
--- backend 2
  chunk d447b1ea40e6988b-b7aeb52a10fdaf2d size=11
  journal <entry-1> = put file.bin 11
  file file.bin [.tsync-root/5364ca580b2eed57-b0140ab2eda14287] = manifest size=11 chunks=1 h1=d94b4e9626fdc9c1 h2=f3f6d793ca1ea424
    chunk#0 d447b1ea40e6988b-b7aeb52a10fdaf2d size=11

=== mirror heals missing manifest on secondary
  write file.bin "hello world"
  drain
  on-secondary delete-remote-manifest file.bin
  mirror
  resync backend #2: 3 checked, 1 copied
--- tree
  f file.bin size=11 cached=0/1 uploaded=true etag=d94b4e9626fdc9c1
--- content
  file.bin = "hello world"
--- backend
  chunk d447b1ea40e6988b-b7aeb52a10fdaf2d size=11
  journal <entry-1> = put file.bin 11
  file file.bin [.tsync-root/5364ca580b2eed57-b0140ab2eda14287] = manifest size=11 chunks=1 h1=d94b4e9626fdc9c1 h2=f3f6d793ca1ea424
    chunk#0 d447b1ea40e6988b-b7aeb52a10fdaf2d size=11
--- backend 2
  chunk d447b1ea40e6988b-b7aeb52a10fdaf2d size=11
  journal <entry-1> = put file.bin 11
  file file.bin [.tsync-root/5364ca580b2eed57-b0140ab2eda14287] = manifest size=11 chunks=1 h1=d94b4e9626fdc9c1 h2=f3f6d793ca1ea424
    chunk#0 d447b1ea40e6988b-b7aeb52a10fdaf2d size=11

=== mirror misses a scrambled chunk without --verify
  write file.bin "hello world"
  drain
  on-secondary scramble-remote-chunk file.bin #0
  mirror
  mirror --verify
  resync backend #2: 3 checked, 0 copied
  resync backend #2: 3 checked, 1 copied
--- tree
  f file.bin size=11 cached=0/1 uploaded=true etag=d94b4e9626fdc9c1
--- content
  file.bin = "hello world"
--- backend
  chunk d447b1ea40e6988b-b7aeb52a10fdaf2d size=11
  journal <entry-1> = put file.bin 11
  file file.bin [.tsync-root/5364ca580b2eed57-b0140ab2eda14287] = manifest size=11 chunks=1 h1=d94b4e9626fdc9c1 h2=f3f6d793ca1ea424
    chunk#0 d447b1ea40e6988b-b7aeb52a10fdaf2d size=11
--- backend 2
  chunk d447b1ea40e6988b-b7aeb52a10fdaf2d size=11
  journal <entry-1> = put file.bin 11
  file file.bin [.tsync-root/5364ca580b2eed57-b0140ab2eda14287] = manifest size=11 chunks=1 h1=d94b4e9626fdc9c1 h2=f3f6d793ca1ea424
    chunk#0 d447b1ea40e6988b-b7aeb52a10fdaf2d size=11

=== mirror --path copies one folder and its chunks
  write outside.bin "not this one"
  mkdir keep
  write keep/inside.bin "this one"
  drain
  on-secondary delete-remote-chunk outside.bin #0
  on-secondary delete-remote-chunk keep/inside.bin #0
  mirror --path keep
  resync backend #2: 3 checked, 1 copied
--- tree
  f outside.bin size=12 cached=0/1 uploaded=true etag=b500d7bf771db830
  d keep/
  f keep/inside.bin size=8 cached=0/1 uploaded=true etag=269ee2e0bf23feba
--- content
  outside.bin = "not this one"
  keep/inside.bin = "this one"
--- backend
  chunk 3165358206e16abf-241df034ca91c411 size=8
  chunk 78bdd50ffdb89f28-110ae84095eebccf size=12
  cursor = <entry-2>
  journal <entry-1> = put outside.bin 12
  journal <entry-2> = mkdir keep/
  journal <entry-3> = put keep/inside.bin 8
  folder keep [.tsync-root/5af16eb25f0f29f5-46117405e5f6bd85] -> <folder-1>
  file outside.bin [.tsync-root/b01e15e64c256ab6-1f96600a8f673bd5] = manifest size=12 chunks=1 h1=b500d7bf771db830 h2=c49c64b6f769cf41
    chunk#0 78bdd50ffdb89f28-110ae84095eebccf size=12
  file inside.bin [<folder-1>/395d52333e1982bb-f3afad5a5b4c4eda] = manifest size=8 chunks=1 h1=269ee2e0bf23feba h2=0fa8b80b1a0c56ef
    chunk#0 3165358206e16abf-241df034ca91c411 size=8
--- backend 2
  chunk 3165358206e16abf-241df034ca91c411 size=8
  cursor = <entry-2>
  journal <entry-1> = put outside.bin 12
  journal <entry-2> = mkdir keep/
  journal <entry-3> = put keep/inside.bin 8
  folder keep [.tsync-root/5af16eb25f0f29f5-46117405e5f6bd85] -> <folder-1>
  file outside.bin [.tsync-root/b01e15e64c256ab6-1f96600a8f673bd5] = manifest size=12 chunks=1 h1=b500d7bf771db830 h2=c49c64b6f769cf41
    chunk#0 78bdd50ffdb89f28-110ae84095eebccf size=12
  file inside.bin [<folder-1>/395d52333e1982bb-f3afad5a5b4c4eda] = manifest size=8 chunks=1 h1=269ee2e0bf23feba h2=0fa8b80b1a0c56ef
    chunk#0 3165358206e16abf-241df034ca91c411 size=8

=== mirror --path --verify heals a scrambled chunk
  mkdir keep
  write keep/inside.bin "this one"
  drain
  on-secondary scramble-remote-chunk keep/inside.bin #0
  mirror --path keep --verify
  mirror --path keep --verify
  resync backend #2: 3 checked, 1 copied
  resync backend #2: 3 checked, 0 copied
--- tree
  d keep/
  f keep/inside.bin size=8 cached=0/1 uploaded=true etag=269ee2e0bf23feba
--- content
  keep/inside.bin = "this one"
--- backend
  chunk 3165358206e16abf-241df034ca91c411 size=8
  cursor = <entry-1>
  journal <entry-1> = mkdir keep/
  journal <entry-2> = put keep/inside.bin 8
  folder keep [.tsync-root/5af16eb25f0f29f5-46117405e5f6bd85] -> <folder-1>
  file inside.bin [<folder-1>/395d52333e1982bb-f3afad5a5b4c4eda] = manifest size=8 chunks=1 h1=269ee2e0bf23feba h2=0fa8b80b1a0c56ef
    chunk#0 3165358206e16abf-241df034ca91c411 size=8
--- backend 2
  chunk 3165358206e16abf-241df034ca91c411 size=8
  cursor = <entry-1>
  journal <entry-1> = mkdir keep/
  journal <entry-2> = put keep/inside.bin 8
  folder keep [.tsync-root/5af16eb25f0f29f5-46117405e5f6bd85] -> <folder-1>
  file inside.bin [<folder-1>/395d52333e1982bb-f3afad5a5b4c4eda] = manifest size=8 chunks=1 h1=269ee2e0bf23feba h2=0fa8b80b1a0c56ef
    chunk#0 3165358206e16abf-241df034ca91c411 size=8

=== mirror heals mixed tree on secondary
  write ok.bin "fine"
  drain
  mkdir sub
  write sub/nested.bin "nested"
  drain
  on-secondary delete-remote-chunk ok.bin #0
  on-secondary delete-remote-manifest sub/nested.bin
  mirror
  resync backend #2: 9 checked, 2 copied
--- tree
  f ok.bin size=4 cached=0/1 uploaded=true etag=4adfcb2ace61a6a1
  d sub/
  f sub/nested.bin size=6 cached=0/1 uploaded=true etag=7546f608548f4d0d
--- content
  ok.bin = "fine"
  sub/nested.bin = "nested"
--- backend
  chunk 002783db772ad77d-0760f49141bb4bb5 size=4
  chunk fa87ee5fc199e332-c7156c4359a54f81 size=6
  cursor = <entry-2>
  journal <entry-1> = put ok.bin 4
  journal <entry-2> = mkdir sub/
  journal <entry-3> = put sub/nested.bin 6
  file ok.bin [.tsync-root/4675454c5194c6a7-5f00ae60e6d18820] = manifest size=4 chunks=1 h1=4adfcb2ace61a6a1 h2=5872029ca96b3c51
    chunk#0 002783db772ad77d-0760f49141bb4bb5 size=4
  folder sub [.tsync-root/4f7b4244079f8bf6-67a7ed7af26470c3] -> <folder-1>
  file nested.bin [<folder-1>/1427ec502d51cc85-a6b2693498cea2e1] = manifest size=6 chunks=1 h1=7546f608548f4d0d h2=aaeab951ddf2968e
    chunk#0 fa87ee5fc199e332-c7156c4359a54f81 size=6
--- backend 2
  chunk 002783db772ad77d-0760f49141bb4bb5 size=4
  chunk fa87ee5fc199e332-c7156c4359a54f81 size=6
  cursor = <entry-2>
  journal <entry-1> = put ok.bin 4
  journal <entry-2> = mkdir sub/
  journal <entry-3> = put sub/nested.bin 6
  file ok.bin [.tsync-root/4675454c5194c6a7-5f00ae60e6d18820] = manifest size=4 chunks=1 h1=4adfcb2ace61a6a1 h2=5872029ca96b3c51
    chunk#0 002783db772ad77d-0760f49141bb4bb5 size=4
  folder sub [.tsync-root/4f7b4244079f8bf6-67a7ed7af26470c3] -> <folder-1>
  file nested.bin [<folder-1>/1427ec502d51cc85-a6b2693498cea2e1] = manifest size=6 chunks=1 h1=7546f608548f4d0d h2=aaeab951ddf2968e
    chunk#0 fa87ee5fc199e332-c7156c4359a54f81 size=6

