
=== set up while the link is up
nothing is owed before the outage: ok

=== the link goes down
  rename b.txt -> c.txt: returned, 0 round trip(s), 1 owed
a file rename makes no round trip: ok
  delete c.txt: returned, 0 round trip(s), 2 owed
a delete makes no round trip: ok
  rename docs -> papers: returned, 0 round trip(s), 3 owed
a folder rename makes no round trip: ok
  rmdir scratch: returned, 0 round trip(s), 4 owed
a folder removal makes no round trip: ok
each operation is owed: ok
  local papers/a.txt
  mkdir fresh: returned, 0 round trip(s), 5 owed
a new folder makes no round trip and has its id: ok
  mkdir gone; rmdir gone: returned, 0 round trip(s), 7 owed
a new folder removed makes no round trip: ok
  mkdir moved; rename moved -> moved2: returned, 0 round trip(s), 9 owed
a new folder renamed makes no round trip: ok
  mkdir brief; rename brief -> brief2; rmdir brief2: returned, 0 round trip(s), 12 owed
  symlink link -> papers/a.txt: returned, 0 round trip(s), 13 owed
a symlink makes no round trip: ok

=== the link comes back
everything owed was published: ok
  local link
  local papers/a.txt
  journal {"op":"mkdir","key":"docs","id":"<folder-1>"}
  journal {"op":"mkdir","key":"scratch","id":"<folder-2>"}
  journal {"op":"put","key":"docs/a.txt","size":5}
  journal {"op":"put","key":"b.txt","size":5}
  journal {"op":"rename","key":"c.txt","src":"b.txt","is_dir":false,"size":5}
  journal {"op":"delete","key":"c.txt"}
  journal {"op":"rename","key":"papers","src":"docs","is_dir":true,"id":"<folder-1>"}
  journal {"op":"rmdir","key":"scratch","id":"<folder-2>"}
  journal {"op":"mkdir","key":"fresh","id":"<folder-3>"}
  journal {"op":"mkdir","key":"moved2","id":"<folder-4>"}
  journal {"op":"rename","key":"moved2","src":"moved","is_dir":true,"id":"<folder-4>"}
  journal {"op":"put","key":"link","size":12}
  store: fresh, moved2, papers
a folder removed before the store heard of it is not filed there: ok
nor brought back here: ok
  trash entries: 1
and neither its removal nor a rename of one is published, nor trashed: ok
the symlink is published, and its entry with it: ok
a folder renamed before the store heard of it is filed where it is, under the id it was created with: ok

=== a new folder removed while its creation is being published
the claim is out: ok
  rmdir race: returned, 0 round trip(s), 2 owed
  local: fresh, moved2, papers; store: fresh, moved2, papers
the folder did not come back, here or on the store: ok
and its removal leaves one entry pair and one trash entry at most: ok

=== an upload claims a folder whose creation is still owed
the upload went ahead: ok
and the folder is filed on the store before its mkdir is published: ok
which follows: ok

=== a file renamed into a folder that moves before it is published
  objects under moved-on: 1
  store: early, fresh, moved-on, moved2, papers
both are published: ok
the file is filed in the folder under its new name, and the old one is not brought back: ok

=== a peer's entry waiting on the store holds up no local operation
the peer's fetch is out: ok
  rename local.txt -> local2.txt: returned, 0 round trip(s), 1 owed
the local rename made no round trip, and did not wait: ok

=== a folder removed with everything under it
each removal is published, none parked: ok
the file is gone from the store, and the folder from the root: ok

=== a peer's entry under a folder moved here holds up no local operation
the peer's read is out: ok
  mkdir meanwhile: returned, 0 round trip(s), 2 owed
the local mkdir made no round trip, and did not wait: ok
and the peer's delete reached the file where it is now: ok

=== an operation a crash interrupted is finished on the next start
one that never started happens here and on the store, once: ok
one whose local half was done is not done twice, and is published: ok

=== a rename with nothing left to move, here or on the store
it is owed nothing, and what follows it is published: ok

=== a refused request lets no later operation overtake
both are published: ok
and the new folder did not meet the old one's name still taken: ok

=== a claim the link refused is made again
the folder is filed on the store: ok

=== an operation the store refuses for good steps aside
what follows it is published: ok
it stays owed, and is reported: ok
the retry sweep lands it, and the report clears: ok

=== an operation that fails on this client's own account steps aside
what follows it is published, and it is reported: ok
and it lands once it can: ok

=== a peer's entry that cannot be applied here steps aside
  applied 1, stepped aside 1
the entry after it is applied, and it is reported: ok
  applied 1, stepped aside 0
and it lands on a later pass, once it can: ok

=== while changes are held
nothing of ours reaches the store: ok
and what a peer did is not applied here: ok
while a file read here is served: ok

=== and once they flow again
ours is published, and theirs applied: ok

=== a peer's rename announces both the name it left and the one it took
  announced: tsync/testdom/manifests/announced.txt, tsync/testdom/manifests/announced2.txt, tsync/testdom/manifests/theirs-held
both the source and the destination are named: ok

49 check(s), 0 failure(s)
