
=== a name that is not there costs nothing
the probe misses: ok
without reaching the backend: ok
and misses again: ok
still without reaching it: ok

=== a name the mirror holds resolves
it resolves: ok
from the mirror alone: ok

=== the mirror is the whole answer
a key only the store has is not seen: ok
and is not asked after: ok
but is once the poller has written it: ok

9 check(s), 0 failure(s)
