== the object must be on the member serving links
a.txt: refused (refused/other): a.txt is not on copy yet

== by kind
a.txt: https://s.example/d/<token>, in 7 days
  {"v":1,"expires":<exp>,"domain":"d","type":"file","key":"tsync/d/manifests/.tsync-root/f01e5cbbc09d4fc4-9a0fcd66f030de75","filename":"a.txt"}
docs: https://s.example/d/<token>, in 0 days
  {"v":1,"expires":<exp>,"domain":"d","type":"dir","folderId":"0000000000a1-1","filename":"docs.zip"}
the domain: https://s.example/d/<token>, in 30 days
  {"v":1,"expires":<exp>,"domain":"d","type":"dir","folderId":".tsync-root","filename":"d.zip"}
empty: refused (absent): empty: an empty folder has nothing to share
nowhere: refused (absent): nowhere: no such file or folder in d

== chosen tokens
a token: https://s.example/d/<token>, in 7 days
  {"v":1,"expires":<exp>,"domain":"d","type":"file","key":"tsync/d/manifests/.tsync-root/f01e5cbbc09d4fc4-9a0fcd66f030de75","filename":"a.txt"}
the same token: refused (exists/exists): the token aaaaaaaaaaaaaaaaaaaaaaaaaaaaaaaa is taken
a short token: refused (invalid): a token is 32 to 128 lowercase hex characters

== preview images
p.jpg: https://s.example/d/<token>, in 7 days
  {"v":1,"expires":<exp>,"domain":"d","type":"file","key":"tsync/d/manifests/.tsync-root/e286517c3c302c71-42b88c8dce07bd8b","filename":"p.jpg"}
without a thumbnailer: not made: this build cannot make preview images
an image, by link: made
read through https://s.example/d/<token>/f, stored beside the manifest: true
a text file: not made: a.txt is not an image, a video or an audio file
docs again: https://s.example/d/<token>, in 7 days
  {"v":1,"expires":<exp>,"domain":"d","type":"dir","folderId":"0000000000a1-1","filename":"docs.zip"}
a folder: not made: a folder share has no preview image
an unknown token: absent: no live share of d has the token cccccccccccccccccccccccccccccccc
an invalid image made: not made: no image could be made of p.jpg
revoke an image share: true, preview image gone: true
p.jpg, revoked mid-decode: https://s.example/d/<token>, in 7 days
  {"v":1,"expires":<exp>,"domain":"d","type":"file","key":"tsync/d/manifests/.tsync-root/e286517c3c302c71-42b88c8dce07bd8b","filename":"p.jpg"}
revoked while the image is made: not made: the share was revoked
no image left behind: true

== revoke
revoke by link: true
manifest gone: true, cached download gone: true
again: false
another domain's share: false, still there: true

== the share cache
deleted 2 objects (8 bytes); links kept: true

== no member serves links
refused: Sharing is not available for d.
