
=== before
  main:     001 002 003
  replica:  001 002 009
  backfill: 009

=== collect
  main reclaimed 1 chunk(s), kept 2
  replica:  2 deleted, 1 filled
  backfill: 1 deleted, 0 filled

=== after
  main:     001 003
  replica:  001 003
  backfill: (none)

=== what that means
  replica now matches the main: true
  the chunk in shard 009, which the main never had, is gone from both: true
  the backfill target was not filled, only trimmed: true
