=== recheck healthy
  write file.bin "hello world"
  drain
  recheck
  ok    file.bin
  recheck: 1 checked, 0 repaired, 0 unrepairable, 0 skipped
--- tree
  f file.bin size=11 cached=true uploaded=true etag=d447b1ea40e6988b
--- content
  file.bin = "hello world"
--- backend
  chunk d447b1ea40e6988b-b7aeb52a10fdaf2d size=11
  journal <entry-1> = put file.bin 11
  file file.bin = manifest size=11 chunks=1 h1=d447b1ea40e6988b h2=b7aeb52a10fdaf2d
    chunk#0 d447b1ea40e6988b-b7aeb52a10fdaf2d size=11

=== recheck repairs missing chunk
  write file.bin "hello world"
  drain
  delete-remote-chunk file.bin #0
  recheck
  recheck
  FIXED file.bin (1 chunk re-uploaded)
  recheck: 1 checked, 1 repaired, 0 unrepairable, 0 skipped
  ok    file.bin
  recheck: 1 checked, 0 repaired, 0 unrepairable, 0 skipped
--- tree
  f file.bin size=11 cached=true uploaded=true etag=d447b1ea40e6988b
--- content
  file.bin = "hello world"
--- backend
  chunk d447b1ea40e6988b-b7aeb52a10fdaf2d size=11
  journal <entry-1> = put file.bin 11
  file file.bin = manifest size=11 chunks=1 h1=d447b1ea40e6988b h2=b7aeb52a10fdaf2d
    chunk#0 d447b1ea40e6988b-b7aeb52a10fdaf2d size=11

=== recheck repairs corrupt chunk
  write file.bin "hello world"
  drain
  corrupt-remote-chunk file.bin #0
  recheck
  FIXED file.bin (1 chunk re-uploaded)
  recheck: 1 checked, 1 repaired, 0 unrepairable, 0 skipped
--- tree
  f file.bin size=11 cached=true uploaded=true etag=d447b1ea40e6988b
--- content
  file.bin = "hello world"
--- backend
  chunk d447b1ea40e6988b-b7aeb52a10fdaf2d size=11
  journal <entry-1> = put file.bin 11
  file file.bin = manifest size=11 chunks=1 h1=d447b1ea40e6988b h2=b7aeb52a10fdaf2d
    chunk#0 d447b1ea40e6988b-b7aeb52a10fdaf2d size=11

=== recheck republishes missing manifest
  write file.bin "hello world"
  drain
  delete-remote-manifest file.bin
  recheck
  FIXED file.bin (manifest republished)
  recheck: 1 checked, 1 repaired, 0 unrepairable, 0 skipped
--- tree
  f file.bin size=11 cached=true uploaded=true etag=d447b1ea40e6988b
--- content
  file.bin = "hello world"
--- backend
  chunk d447b1ea40e6988b-b7aeb52a10fdaf2d size=11
  journal <entry-1> = put file.bin 11
  file file.bin = manifest size=11 chunks=1 h1=d447b1ea40e6988b h2=b7aeb52a10fdaf2d
    chunk#0 d447b1ea40e6988b-b7aeb52a10fdaf2d size=11

=== recheck repairs stale local file
  write file.bin "old content"
  drain
  modify-cache file.bin "changed content"
  recheck
  recheck
  FIXED file.bin (1 chunk re-uploaded, manifest republished, sidecar updated)
  recheck: 1 checked, 1 repaired, 0 unrepairable, 0 skipped
  ok    file.bin
  recheck: 1 checked, 0 repaired, 0 unrepairable, 0 skipped
--- tree
  f file.bin size=15 cached=true uploaded=true etag=ceb38fa463bd5dff
--- content
  file.bin = "changed content"
--- backend
  chunk bad02738adfbeba0-e2449384da60a0ea size=11
  chunk ceb38fa463bd5dff-d69c1972e0763d7d size=15
  journal <entry-1> = put file.bin 11
  file file.bin = manifest size=15 chunks=1 h1=ceb38fa463bd5dff h2=d69c1972e0763d7d
    chunk#0 ceb38fa463bd5dff-d69c1972e0763d7d size=15

=== recheck skips dirty file
  write file.bin "uploaded"
  drain
  dirty-write file.bin "not yet uploaded"
  recheck
  SKIP  file.bin (dirty, upload pending)
  recheck: 0 checked, 0 repaired, 0 unrepairable, 1 skipped
--- tree
  f file.bin size=16 cached=true uploaded=false etag=
--- content
  file.bin = "not yet uploaded"
--- backend
  chunk 3ec7a63f2d48ce00-16e5e4870c3ecb65 size=8
  journal <entry-1> = put file.bin 8
  file file.bin = manifest size=8 chunks=1 h1=3ec7a63f2d48ce00 h2=16e5e4870c3ecb65
    chunk#0 3ec7a63f2d48ce00-16e5e4870c3ecb65 size=8

=== recheck evicted file
  write file.bin "hello world"
  drain
  evict file.bin
  recheck
  ok    file.bin
  recheck: 1 checked, 0 repaired, 0 unrepairable, 0 skipped
--- tree
  f file.bin size=11 cached=false uploaded=true etag=d447b1ea40e6988b
--- content
  file.bin = "hello world"
--- backend
  chunk d447b1ea40e6988b-b7aeb52a10fdaf2d size=11
  journal <entry-1> = put file.bin 11
  file file.bin = manifest size=11 chunks=1 h1=d447b1ea40e6988b h2=b7aeb52a10fdaf2d
    chunk#0 d447b1ea40e6988b-b7aeb52a10fdaf2d size=11

=== recheck evicted missing manifest
  write file.bin "hello world"
  drain
  evict file.bin
  delete-remote-manifest file.bin
  recheck
  FIXED file.bin (manifest republished)
  recheck: 1 checked, 1 repaired, 0 unrepairable, 0 skipped
--- tree
  f file.bin size=11 cached=false uploaded=true etag=d447b1ea40e6988b
--- content
  file.bin = "hello world"
--- backend
  chunk d447b1ea40e6988b-b7aeb52a10fdaf2d size=11
  journal <entry-1> = put file.bin 11
  file file.bin = manifest size=11 chunks=1 h1=d447b1ea40e6988b h2=b7aeb52a10fdaf2d
    chunk#0 d447b1ea40e6988b-b7aeb52a10fdaf2d size=11

=== recheck evicted missing chunk
  write file.bin "hello world"
  drain
  evict file.bin
  delete-remote-chunk file.bin #0
  recheck
  BAD   file.bin (1/1 chunks missing)
  recheck: 1 checked, 0 repaired, 1 unrepairable, 0 skipped
--- tree
  f file.bin size=11 cached=false uploaded=true etag=d447b1ea40e6988b
--- content
  file.bin = <unavailable: Backend.Backend_error("local get tsync/test/chunks/d447b1ea40e6988b-b7aeb52a10fdaf2d: No such file or directory")>
--- backend
  journal <entry-1> = put file.bin 11
  file file.bin = manifest size=11 chunks=1 h1=d447b1ea40e6988b h2=b7aeb52a10fdaf2d
    chunk#0 d447b1ea40e6988b-b7aeb52a10fdaf2d size=11

=== recheck evicted chunk and manifest gone
  write file.bin "hello world"
  drain
  evict file.bin
  delete-remote-chunk file.bin #0
  delete-remote-manifest file.bin
  recheck
  BAD   file.bin (1/1 chunks missing, manifest wrong)
  recheck: 1 checked, 0 repaired, 1 unrepairable, 0 skipped
--- tree
--- content
--- backend
  journal <entry-1> = put file.bin 11
  dir tsync/test/manifests/

=== recheck mixed tree
  write ok.bin "fine"
  drain
  mkdir sub
  write sub/nested.bin "nested"
  drain
  write broken.bin "damaged"
  drain
  evict broken.bin
  delete-remote-chunk broken.bin #0
  recheck
  BAD   broken.bin (1/1 chunks missing)
  ok    ok.bin
  ok    sub/nested.bin
  recheck: 3 checked, 0 repaired, 1 unrepairable, 0 skipped
--- tree
  f broken.bin size=7 cached=false uploaded=true etag=5f60fd5c4664e947
  f ok.bin size=4 cached=true uploaded=true etag=002783db772ad77d
  d sub/
  f sub/nested.bin size=6 cached=true uploaded=true etag=fa87ee5fc199e332
--- content
  broken.bin = <unavailable: Backend.Backend_error("local get tsync/test/chunks/5f60fd5c4664e947-8c1c9d7881c6107a: No such file or directory")>
  ok.bin = "fine"
  sub/nested.bin = "nested"
--- backend
  chunk 002783db772ad77d-0760f49141bb4bb5 size=4
  chunk fa87ee5fc199e332-c7156c4359a54f81 size=6
  cursor = <entry-2>
  journal <entry-1> = put ok.bin 4
  journal <entry-2> = mkdir sub/
  journal <entry-3> = put sub/nested.bin 6
  journal <entry-4> = put broken.bin 7
  file broken.bin = manifest size=7 chunks=1 h1=5f60fd5c4664e947 h2=8c1c9d7881c6107a
    chunk#0 5f60fd5c4664e947-8c1c9d7881c6107a size=7
  file ok.bin = manifest size=4 chunks=1 h1=002783db772ad77d h2=0760f49141bb4bb5
    chunk#0 002783db772ad77d-0760f49141bb4bb5 size=4
  file sub/nested.bin = manifest size=6 chunks=1 h1=fa87ee5fc199e332 h2=c7156c4359a54f81
    chunk#0 fa87ee5fc199e332-c7156c4359a54f81 size=6

