
=== the job is on disk before the write returns, and outlives a failure
  put manifest one [c0]
  owed the moment the put returned: 1
  owed once caught up: 0 (target refused 1, degraded false)
--- target
  chunk c0
  manifest one

=== a failure that cannot clear is dropped, and the target says so
  put manifest two [c0]
  owed: 0 (degraded true — needs tsync resync-remote)

=== a target that was down the whole time a process ran
  put chunk c2, put manifest three [c2], copy three -> four, delete three
  owed with the target unreachable: 3
  on the target so far: 0 key(s)

=== the next daemon start picks up what it left owed
  owed once caught up: 0
--- target
  chunk c2
  manifest four

=== a replica carries the sync bookkeeping too
  put journal entry, put cursor
--- target
  cursor
  journal

=== the mains are what a write waits for
  manifest one on main: true
  manifest two on main, though its target dropped it: true
