=== coldest clean files evicted down to the cap; hottest kept
  write a.txt "aaaaaaaa"
  drain
  write b.txt "bbbbbbbb"
  drain
  write c.txt "cccccccc"
  drain
  open-read a.txt
  read a.txt [0,8)
  release a.txt
  drain
  open-read b.txt
  read b.txt [0,8)
  release b.txt
  drain
  open-read c.txt
  read c.txt [0,8)
  release c.txt
  drain
  residency a.txt
  residency b.txt
  residency c.txt
  enforce-cache
  residency a.txt
  residency b.txt
  residency c.txt
  read a.txt [0,8) = "aaaaaaaa"
  read b.txt [0,8) = "bbbbbbbb"
  read c.txt [0,8) = "cccccccc"
  residency a.txt cached=true size=8 chunks=complete
  residency b.txt cached=true size=8 chunks=complete
  residency c.txt cached=true size=8 chunks=complete
  residency a.txt cached=false size=8 chunks=complete
  residency b.txt cached=false size=8 chunks=complete
  residency c.txt cached=true size=8 chunks=complete
--- tree
  f a.txt size=8 cached=false uploaded=true etag=205e7be268ad065e
  f b.txt size=8 cached=false uploaded=true etag=db1d8119cefb55ab
  f c.txt size=8 cached=true uploaded=true etag=ff0ff71dfd4db29f
--- content
  a.txt = "aaaaaaaa"
  b.txt = "bbbbbbbb"
  c.txt = "cccccccc"
--- backend
  chunk 1cfa5c47cb2f402e-c44f3339ad38b68a size=8
  chunk 304cf5ff4443b25a-986de89e32d20631 size=8
  chunk c9dbc05573cd5d9a-1ae64e03afa5a78e size=8
  journal <entry-1> = put a.txt 8
  journal <entry-2> = put b.txt 8
  journal <entry-3> = put c.txt 8
  file b.txt [.tsync-root/3c697ec236bbf61f-698ad1290042cc94] = manifest size=8 chunks=1 h1=db1d8119cefb55ab h2=e9cd1e679cac768f
    chunk#0 304cf5ff4443b25a-986de89e32d20631 size=8
  file c.txt [.tsync-root/d6d50f267ed1aabb-7fe71c7d92c1e0c0] = manifest size=8 chunks=1 h1=ff0ff71dfd4db29f h2=4b8d54729e60e85b
    chunk#0 1cfa5c47cb2f402e-c44f3339ad38b68a size=8
  file a.txt [.tsync-root/f01e5cbbc09d4fc4-9a0fcd66f030de75] = manifest size=8 chunks=1 h1=205e7be268ad065e h2=d54b96d6efd47935
    chunk#0 c9dbc05573cd5d9a-1ae64e03afa5a78e size=8

=== clean files evicted to the cap; a dirty (unsynced) file is kept
  write x.txt "xxxxxxxx"
  drain
  write y.txt "yyyyyyyy"
  drain
  open-read x.txt
  read x.txt [0,8)
  release x.txt
  drain
  open-read y.txt
  read y.txt [0,8)
  release y.txt
  drain
  dirty-write z.txt "zzzzzzzz"
  enforce-cache
  residency x.txt
  residency y.txt
  residency z.txt
  read x.txt [0,8) = "xxxxxxxx"
  read y.txt [0,8) = "yyyyyyyy"
  residency x.txt cached=false size=8 chunks=complete
  residency y.txt cached=true size=8 chunks=complete
  residency z.txt cached=true dirty (new)
--- tree
  f x.txt size=8 cached=false uploaded=true etag=c000da6ed59e60d5
  f y.txt size=8 cached=true uploaded=true etag=78533c70a0c3b859
--- content
  x.txt = "xxxxxxxx"
  y.txt = "yyyyyyyy"
--- backend
  chunk 396ba43a79a6145e-07b3ce3cb3c5512e size=8
  chunk 4267e87c9cb0bc97-3ffc27d07b585304 size=8
  journal <entry-1> = put x.txt 8
  journal <entry-2> = put y.txt 8
  file y.txt [.tsync-root/5daddc6a7e7b0a59-08cdb864d07705f7] = manifest size=8 chunks=1 h1=78533c70a0c3b859 h2=53804f54f3cc90ea
    chunk#0 396ba43a79a6145e-07b3ce3cb3c5512e size=8
  file x.txt [.tsync-root/fecd6e94d21b3dc7-d6d12967f4c00d3d] = manifest size=8 chunks=1 h1=c000da6ed59e60d5 h2=f16a0981a4898b6a
    chunk#0 4267e87c9cb0bc97-3ffc27d07b585304 size=8

