published                  published size=24 chunks=3         cached=3 "abcdefghijklmnopqrstuvwx"
write 2B into chunk 1      staged size=24 slots=[ISI]         cached=3 "abcdefghiZZlmnopqrstuvwx"
overwrite chunk 2 whole    staged size=24 slots=[ISS]         cached=3 "abcdefghiZZlmnopQRSTUVWX"
append past EOF            staged size=26 slots=[ISSS]        cached=3 "abcdefghiZZlmnopQRSTUVWX!!"
append across a chunk boundary staged size=34 slots=[ISSSS]       cached=3 "abcdefghiZZlmnopQRSTUVWX!!!!!!!!!!"
truncate to 10             staged size=10 slots=[IS]          cached=3 "abcdefghiZ"
grow to 20                 staged size=20 slots=[ISZ]         cached=3 "abcdefghiZ\000\000\000\000\000\000\000\000\000\000"
edit chunk 0               staged size=24 slots=[SSZ]         cached=3 "ABCDEFGHiZ\000\000\000\000\000\000\000\000\000\000\000\000\000\000"
after sync                 published size=24 chunks=3         cached=6 "ABCDEFGHiZ\000\000\000\000\000\000\000\000\000\000\000\000\000\000"
edit 2B of chunk 0         staged size=24 slots=[SII]         cached=6 "XYCDEFGHiZ\000\000\000\000\000\000\000\000\000\000\000\000\000\000"
chunk objects added by a 1-chunk edit: 1
replayed promotion         published size=24 chunks=3         cached=8 "XYCDEFGH01234567\000\000\000\000\000\000\000\000"
bytes uploaded by replay: 0
re-uploaded without the commit record published size=24 chunks=3         cached=9 "XYCDEFGH01234567\000\000\000\000\000\000\000\000"
bytes uploaded by re-upload: 0
handed-over file still at its old path: false
adopted whole file         staged size=26 whole               cached=9 "WHOLE FILE FROM A FRONTEND"
byte write splits it       staged size=26 slots=[SSSS]        cached=9 "WHOLE -ILE FROM A FRONTEND"
after sync                 published size=26 chunks=4         cached=13 "WHOLE -ILE FROM A FRONTEND"
whole file uploaded as-is  published size=14 chunks=2         cached=15 "SECOND HANDOFF"
create (O_TRUNC)           staged size= 0 slots=[]            cached=15 ""
grouped: published         published size=24 chunks=3         cached=1 "abcdefghijklmnopqrstuvwx"
grouped: write 2B          staged size=24 slots=[SSS]         cached=1 "abcdefghiZZlmnopqrstuvwx"
grouped: after sync        published size=24 chunks=3         cached=2 "abcdefghiZZlmnopqrstuvwx"
grouped: cached 3/3 chunks, 2 cache file(s) incl. stale
