cold                         present=false gets=0 in_flight=0
2 concurrent ensures         backend=true,true
after 2 concurrent ensures   present=true  gets=1 in_flight=0
cached read                  body="first chunk body" gets=1 backend=false
layout                       testdom/chunks/abb/abbd5be7f7f1ea08-164c4bd493e0e119
read after eviction          body="first chunk body" gets=1 backend=true
forced refetch               present=true  gets=2 in_flight=0
second key                   body="second"           gets=0 backend=true
layout                       testdom/chunks/3da/3daa2a13ce7216c7-a62bfe2b997ff6a9
trio cold                    present=false gets=0 in_flight=0
trio member 0                body="AAAA"             gets=0 backend=true
trio ranges asked            [0,4) / none / none
layout                       testdom/chunks/f28/f2816b06404b734b-effdaa3fc72ceaa1
trio body                    bytes=10 members=3
trio member 0 again          body="AAAA"             gets=0 backend=false
trio ranges after re-read    [0,4)
trio member 1                body="BBBB"             gets=0 backend=true
trio member 2                body="CC"               gets=0 backend=true
trio ranges after all three  [0,4) / [0,4) / [0,2)
trio body after all three    partial=false
trio offsets                 off0=0 off1=4 off2=8
whole group concurrency      peak_concurrent_gets=3 of 3
whole group                  present=true  gets=3 in_flight=0
fast store: one member       body="GGGG"             gets=3 backend=true
fast store: ranges asked     none / none / none
fast store: body             partial=false
read past a held fetch       body="JJJJ"             while the group is in flight
ranges it asked for          [0,4) / none / none
and the group still arrives  present=true
trio member 1 at +2          body="BB"
trio in another file         same_key=true
missing chunk                Backend.Backend_error("no such chunk: 8f2a5dd2e287e4d1-2661a4d28dde64aa") in_flight=0
uncapped                     chunks=6 bytes=62 first=true  second=true
cap=none (no-op)             chunks=6 bytes=62 first=true  second=true
cap=20 (drops coldest)       chunks=2 bytes=20 first=false second=false
refetch after cap            body="first chunk body" gets=2 backend=true
cap=0 (drops all)            chunks=0 bytes= 0 first=false second=false
partly filled again          body=true manifest=true
cap=0 over a partial body    body=false manifest=false
read after the pair goes     body="DDDD"             gets=3 backend=true
publish by link              linked=true one body=true names=2
publishing it again          linked=true
a length that disagrees      linked=false
read after the staged name goes body="BBBB"             gets=0 backend=false
and its short last member    body="CC"               gets=0 backend=false
cap=0 over a staged body     staged=true cache chunks=0
