=== create
  write a.txt "hello tsync"
  drain
--- tree
  f a.txt size=11 cached=0/1 uploaded=true etag=1b5eab7935b34700
--- content
  a.txt = "hello tsync"
--- backend
  chunk cba685e06d3e500f-293331628d03f29b size=11
  journal <entry-1> = put a.txt 11
  file a.txt [.tsync-root/f01e5cbbc09d4fc4-9a0fcd66f030de75] = manifest size=11 chunks=1 h1=1b5eab7935b34700 h2=72dfaa8cad2e9a42
    chunk#0 cba685e06d3e500f-293331628d03f29b size=11

=== copy
  write a.txt "same content"
  drain
  write b.txt "same content"
  drain
--- tree
  f a.txt size=12 cached=0/1 uploaded=true etag=bf61b659e8029068
  f b.txt size=12 cached=0/1 uploaded=true etag=bf61b659e8029068
--- content
  a.txt = "same content"
  b.txt = "same content"
--- backend
  chunk 70c096db7a2b03dc-ebb5c33424e783da size=12
  journal <entry-1> = put a.txt 12
  journal <entry-2> = put b.txt 12
  file b.txt [.tsync-root/3c697ec236bbf61f-698ad1290042cc94] = manifest size=12 chunks=1 h1=bf61b659e8029068 h2=aef71572348b1d2e
    chunk#0 70c096db7a2b03dc-ebb5c33424e783da size=12
  file a.txt [.tsync-root/f01e5cbbc09d4fc4-9a0fcd66f030de75] = manifest size=12 chunks=1 h1=bf61b659e8029068 h2=aef71572348b1d2e
    chunk#0 70c096db7a2b03dc-ebb5c33424e783da size=12

=== rename
  write a.txt "renamed content"
  drain
  rename a.txt -> b.txt
  drain
--- tree
  f b.txt size=15 cached=0/1 uploaded=true etag=095816902097b57a
--- content
  b.txt = "renamed content"
--- backend
  chunk 7ca14c1744b7cedc-339b870e9f742377 size=15
  cursor = <entry-2>
  journal <entry-1> = put a.txt 15
  journal <entry-2> = rename a.txt -> b.txt 15
  file b.txt [.tsync-root/3c697ec236bbf61f-698ad1290042cc94] = manifest size=15 chunks=1 h1=095816902097b57a h2=6af5636a87362acc
    chunk#0 7ca14c1744b7cedc-339b870e9f742377 size=15

=== delete
  write a.txt "doomed"
  drain
  delete a.txt
  drain
--- tree
--- content
--- backend
  chunk 09e48a430f6114e8-93dcbb988c78a9c2 size=6
  cursor = <entry-2>
  journal <entry-1> = put a.txt 6
  journal <entry-2> = delete a.txt

=== evict
  write a.txt "evicted"
  drain
  read a.txt [0,7)
  chunks a.txt
  evict a.txt
  chunks a.txt
  read a.txt [0,7) = "evicted"
  chunks a.txt published size=7 chunks=1 cached=1/1
  chunks a.txt published size=7 chunks=1 cached=0/1
--- tree
  f a.txt size=7 cached=0/1 uploaded=true etag=b47ce307fe11d3b3
--- content
  a.txt = "evicted"
--- backend
  chunk b25629393d3da6f1-b6252d5b8a6e08d1 size=7
  journal <entry-1> = put a.txt 7
  file a.txt [.tsync-root/f01e5cbbc09d4fc4-9a0fcd66f030de75] = manifest size=7 chunks=1 h1=b47ce307fe11d3b3 h2=f5aa61e5aa7f6c35
    chunk#0 b25629393d3da6f1-b6252d5b8a6e08d1 size=7

=== restore
  write a.txt "round trip"
  drain
  evict a.txt
  chunks a.txt
  restore a.txt
  chunks a.txt
  chunks a.txt published size=10 chunks=1 cached=0/1
  chunks a.txt published size=10 chunks=1 cached=1/1
--- tree
  f a.txt size=10 cached=1/1 uploaded=true etag=dd2535fa58fe8ca9
--- content
  a.txt = "round trip"
--- backend
  chunk 6bee7502b94912b4-8513b792d20a75a2 size=10
  journal <entry-1> = put a.txt 10
  file a.txt [.tsync-root/f01e5cbbc09d4fc4-9a0fcd66f030de75] = manifest size=10 chunks=1 h1=dd2535fa58fe8ca9 h2=695d88c06cf07434
    chunk#0 6bee7502b94912b4-8513b792d20a75a2 size=10

=== unsynced edits survive a full resync
  write kept.txt "published"
  drain
  stage-write kept.txt "edited, not uploaded"
  names /
  clear-cache
  names /
  chunks kept.txt
  recover-staged
  drain
  chunks kept.txt
  names / = [kept.txt]
  names / = [kept.txt]
  chunks kept.txt staged size=20 slots=[S] cached=1/1
  chunks kept.txt published size=20 chunks=1 cached=1/1
--- tree
  f kept.txt size=20 cached=1/1 uploaded=true etag=c28eb646647717df
--- content
  kept.txt = "edited, not uploaded"
--- backend
  chunk 049b50dd364dcae9-6f20090ec5c663a9 size=9
  chunk bc6ece615ce2b70e-d07697eb1fc3e43e size=20
  journal <entry-1> = put kept.txt 9
  journal <entry-2> = put kept.txt 20
  file kept.txt [.tsync-root/2af84fa98a68a9b1-19465e194feef43e] = manifest size=20 chunks=1 h1=c28eb646647717df h2=3aa7df8d1f659304
    chunk#0 bc6ece615ce2b70e-d07697eb1fc3e43e size=20

=== delete drops staged bodies
  write doomed.txt "published"
  drain
  stage-write doomed.txt "edited, not uploaded"
  staged
  delete doomed.txt
  drain
  staged
  staged manifests=1 bodies=1
  staged manifests=0 bodies=0
--- tree
--- content
--- backend
  chunk 049b50dd364dcae9-6f20090ec5c663a9 size=9
  cursor = <entry-2>
  journal <entry-1> = put doomed.txt 9
  journal <entry-2> = delete doomed.txt

=== startup reclaims orphaned staged bodies
  write kept.txt "published"
  drain
  stage-write kept.txt "edited, not uploaded"
  orphan-staged-body
  staged
  reclaim-staged
  staged
  drain
  staged manifests=1 bodies=3
  staged manifests=1 bodies=1
--- tree
  f kept.txt size=20 cached=1/1 uploaded=false etag=
--- content
  kept.txt = "edited, not uploaded"
--- backend
  chunk 049b50dd364dcae9-6f20090ec5c663a9 size=9
  journal <entry-1> = put kept.txt 9
  file kept.txt [.tsync-root/2af84fa98a68a9b1-19465e194feef43e] = manifest size=9 chunks=1 h1=a8329a6950d36ba5 h2=7d97004ddaf6ae9a
    chunk#0 049b50dd364dcae9-6f20090ec5c663a9 size=9

=== mkdir
  mkdir sub
  drain
  write sub/a.txt "nested"
  drain
  names sub
  names sub = [a.txt]
--- tree
  d sub/
  f sub/a.txt size=6 cached=0/1 uploaded=true etag=7546f608548f4d0d
--- content
  sub/a.txt = "nested"
--- backend
  chunk fa87ee5fc199e332-c7156c4359a54f81 size=6
  cursor = <entry-1>
  journal <entry-1> = mkdir sub/
  journal <entry-2> = put sub/a.txt 6
  folder sub [.tsync-root/4f7b4244079f8bf6-67a7ed7af26470c3] -> <folder-1>
  file a.txt [<folder-1>/f01e5cbbc09d4fc4-9a0fcd66f030de75] = manifest size=6 chunks=1 h1=7546f608548f4d0d h2=aaeab951ddf2968e
    chunk#0 fa87ee5fc199e332-c7156c4359a54f81 size=6

=== rmdir
  mkdir sub
  drain
  rmdir sub
  drain
--- tree
--- content
--- backend
  cursor = <entry-2>
  journal <entry-1> = mkdir sub/
  journal <entry-2> = rmdir sub/
  trash sub -> <folder-1>

=== stat_absent_creates_nothing
  stat no-such-file.txt
  names /
  stat no-such-dir/
  names /
  mkdir sub
  drain
  rmdir sub
  drain
  stat sub/
  names /
  stat no-such-file.txt: not found: tsync/test/manifests/no-such-file.txt
  names / = []
  stat no-such-dir/: not found: tsync/test/manifests/no-such-dir/
  names / = []
  stat sub/: not found: tsync/test/manifests/sub/
  names / = []
--- tree
--- content
--- backend
  cursor = <entry-2>
  journal <entry-1> = mkdir sub/
  journal <entry-2> = rmdir sub/
  trash sub -> <folder-1>

=== rename_dir
  mkdir d
  drain
  write d/a.txt "in folder"
  drain
  rename d -> d2
  drain
--- tree
  d d2/
  f d2/a.txt size=9 cached=0/1 uploaded=true etag=95c3b9346e4258b2
--- content
  d2/a.txt = "in folder"
--- backend
  chunk 53706aefc11d0c46-cac003653b45e8bd size=9
  cursor = <entry-3>
  journal <entry-1> = mkdir d/
  journal <entry-2> = put d/a.txt 9
  journal <entry-3> = rename d/ -> d2/ dir
  folder d2 [.tsync-root/9300b48b23e547eb-b163fe9e56d6ceb1] -> <folder-1>
  file a.txt [<folder-1>/f01e5cbbc09d4fc4-9a0fcd66f030de75] = manifest size=9 chunks=1 h1=95c3b9346e4258b2 h2=10be3ebb668637a3
    chunk#0 53706aefc11d0c46-cac003653b45e8bd size=9

=== rmdir_nonempty
  mkdir d
  drain
  write d/a.txt "trash me"
  drain
  rmdir d
  drain
--- tree
--- content
--- backend
  chunk 5e4c66b9cb232332-2fc4674f963b00e3 size=8
  cursor = <entry-3>
  journal <entry-1> = mkdir d/
  journal <entry-2> = put d/a.txt 8
  journal <entry-3> = rmdir d/
  trash d -> <folder-1>
  file a.txt [<folder-1>/f01e5cbbc09d4fc4-9a0fcd66f030de75] = manifest size=8 chunks=1 h1=d1591408076924eb h2=4becff1a22312f14
    chunk#0 5e4c66b9cb232332-2fc4674f963b00e3 size=8

=== symlink
  write real.txt "target data"
  drain
  symlink link.txt -> real.txt
  drain
--- tree
  f link.txt size=8 cached=0/0 uploaded=true etag=32be1ca2d26f5660
  f real.txt size=11 cached=0/1 uploaded=true etag=ddd00e5d82fce82f
--- content
  link.txt -> real.txt
  real.txt = "target data"
--- backend
  chunk ea7acaa9e7fcecc5-7ddba95dcebaaa04 size=11
  cursor = <entry-2>
  journal <entry-1> = put real.txt 11
  journal <entry-2> = put link.txt 8
  symlink link.txt [.tsync-root/13e81ce1fb8e8545-0dce7329887e7a09] -> real.txt
  file real.txt [.tsync-root/32be1ca2d26f5660-9a9896dcac9d82c8] = manifest size=11 chunks=1 h1=ddd00e5d82fce82f h2=f5a48f5bdae2ee90
    chunk#0 ea7acaa9e7fcecc5-7ddba95dcebaaa04 size=11

=== symlink delete
  symlink link.txt -> gone.txt
  drain
  delete link.txt
  drain
--- tree
--- content
--- backend
  cursor = <entry-2>
  journal <entry-1> = put link.txt 8
  journal <entry-2> = delete link.txt

=== follow: symlink creation rejected
  symlink link.txt -> real.txt
  symlink link.txt: rejected (Unix.Unix_error(Unix.EPERM, "symlink", "tsync/test/manifests/link.txt"))
--- tree
--- content
--- backend

=== skip: symlink creation rejected
  symlink link.txt -> real.txt
  symlink link.txt: rejected (Unix.Unix_error(Unix.EPERM, "symlink", "tsync/test/manifests/link.txt"))
--- tree
--- content
--- backend

