== round trips
get_opt a: "hello"; absent: none; get absent: absent
head a size: 5
chunk-sized body identical: true
copy: "hello"; copy of absent: absent

== ranges
[0,+3) "012"
[4,+2) "45"
[7,+3) "789"
[0,+10) "0123456789"
[7,+100) "789"
[10,+5) ""
[20,+1) ""
absent: none; length 0: invalid

== claims
five racing claims: 1 won, losers told the holder: true
later claim: held true
same body again: won
free name: won

== delete
delete: true then false
delete_multi over 2100 keys, survivors left: 0

== awkward keys
"tsync/d/x/& < > \" ' + % # ? space" round-trips: true
"tsync/d/x/\195\169lan \226\156\147" round-trips: true
listed: true
after delete_multi: 0 listed
invalid keys refused before anything: invalid invalid invalid invalid invalid

== listing
all: a,b,c,d,e
max_keys 2: a,b
empty prefix: 0

== capabilities
verified true, share_url none

== local driver (backends/local §13)
listing: .syncthing.x.tmp,a,b,c,d,e
read through a planted link: invalid
write through a planted link: invalid
good chunk marker: false
scrambled chunk marker: "3e412ba99e948577-a63ad6226cbe4988"
rewrite clears it: true
leftover temporaries: 0
