available: true
card: 800x420, within 307200 bytes: true
wide video: 800x450, within 307200 bytes: true
tall video, scaled up: 450x800, within 307200 bytes: true
wide video filmed sideways: 450x800, within 307200 bytes: true
wide video cropped to 800x1080: 592x800, within 307200 bytes: true
missing: none
fade-in video: picked a lit frame: true
video: image/jpeg, 800x450, made so far 1
video again: image/jpeg, 800x450, made so far 1
undecodable: image/png, the generic image, made so far 2
undecodable again: image/png, the generic image, made so far 2
file gone: image/png, the generic image, made so far 2
stored: true
